01:26:39 **** Incremental Build of configuration Debug for project K32L2B31A_Project ****
make -r -j8 all 
Building file: ../source/K32L2B31A_Project.c
Invoking: MCU C Compiler
arm-none-eabi-gcc -D__REDLIB__ -DCPU_K32L2B31VLH0A -DCPU_K32L2B31VLH0A_cm0plus -DSDK_OS_BAREMETAL -DSDK_DEBUGCONSOLE=0 -DPRINTF_FLOAT_ENABLE=1 -DSDK_DEBUGCONSOLE_UART -DCR_PRINTF_CHAR -DSERIAL_PORT_TYPE_UART=1 -D__MCUXPRESSO -D__USE_CMSIS -DDEBUG -I"C:\Users\gnagu\Documents\Unimag\IoT\labs-diplomado-iot\K32L2B31A_Project\board" -I"C:\Users\gnagu\Documents\Unimag\IoT\labs-diplomado-iot\K32L2B31A_Project\source" -I"C:\Users\gnagu\Documents\Unimag\IoT\labs-diplomado-iot\K32L2B31A_Project\drivers" -I"C:\Users\gnagu\Documents\Unimag\IoT\labs-diplomado-iot\K32L2B31A_Project\CMSIS" -I"C:\Users\gnagu\Documents\Unimag\IoT\labs-diplomado-iot\K32L2B31A_Project\device" -I"C:\Users\gnagu\Documents\Unimag\IoT\labs-diplomado-iot\K32L2B31A_Project\component\serial_manager" -I"C:\Users\gnagu\Documents\Unimag\IoT\labs-diplomado-iot\K32L2B31A_Project\component\uart" -I"C:\Users\gnagu\Documents\Unimag\IoT\labs-diplomado-iot\K32L2B31A_Project\utilities" -I"C:\Users\gnagu\Documents\Unimag\IoT\labs-diplomado-iot\K32L2B31A_Project\component\lists" -I"C:\Users\gnagu\Documents\Unimag\IoT\labs-diplomado-iot\K32L2B31A_Project\source\libraries" -O0 -fno-common -g3 -Wall -c -ffunction-sections -fdata-sections -ffreestanding -fno-builtin -fmerge-constants -fmacro-prefix-map="../source/"= -mcpu=cortex-m0plus -mthumb -D__REDLIB__ -fstack-usage -specs=redlib.specs -MMD -MP -MF"source/K32L2B31A_Project.d" -MT"source/K32L2B31A_Project.o" -MT"source/K32L2B31A_Project.d" -o "source/K32L2B31A_Project.o" "../source/K32L2B31A_Project.c"
../source/K32L2B31A_Project.c: In function 'write_response_msg':
../source/K32L2B31A_Project.c:123:24: warning: passing argument 2 of 'strcat' makes pointer from integer without a cast [-Wint-conversion]
  123 |   strcat(response_msg, (char)(*(response + i)));
      |                        ^~~~~~~~~~~~~~~~~~~~~~~
      |                        |
      |                        char
In file included from C:\Users\gnagu\Documents\Unimag\IoT\labs-diplomado-iot\K32L2B31A_Project\drivers/fsl_common.h:15,
                 from C:\Users\gnagu\Documents\Unimag\IoT\labs-diplomado-iot\K32L2B31A_Project\board/clock_config.h:9,
                 from C:\Users\gnagu\Documents\Unimag\IoT\labs-diplomado-iot\K32L2B31A_Project\board/board.h:11,
                 from ../source/K32L2B31A_Project.c:15:
c:\nxp\mcuxpressoide_11.6.1_8255\ide\plugins\com.nxp.mcuxpresso.tools.win32_11.6.1.202207200623\tools\redlib\include\string.h:42:43: note: expected 'const char * restrict' but argument is of type 'char'
   42 |                     const char * restrict __s2);
      |                     ~~~~~~~~~~~~~~~~~~~~~~^~~~
../source/K32L2B31A_Project.c: In function 'main':
../source/K32L2B31A_Project.c:200:53: warning: passing argument 3 of 'write_response_msg' discards 'const' qualifier from pointer target type [-Wdiscarded-qualifiers]
  200 |     write_response_msg(data, "OK", ec25_responses_at[ERROR]);
      |                                    ~~~~~~~~~~~~~~~~~^~~~~~~
../source/K32L2B31A_Project.c:116:69: note: expected 'char *' but argument is of type 'const char *'
  116 | void write_response_msg(uint8_t *response, char *success_msg, char *error_msg) {
      |                                                               ~~~~~~^~~~~~~~~
../source/K32L2B31A_Project.c:215:24: warning: passing argument 2 of 'write_response_msg' discards 'const' qualifier from pointer target type [-Wdiscarded-qualifiers]
  215 |       ec25_responses_at[CMD_AT_AT_GMI_Request_Manufacturer_Identification],
      |       ~~~~~~~~~~~~~~~~~^~~~~~~~~~~~~~~~~~~~~~~~~~~~~~~~~~~~~~~~~~~~~~~~~~~
../source/K32L2B31A_Project.c:116:50: note: expected 'char *' but argument is of type 'const char *'
  116 | void write_response_msg(uint8_t *response, char *success_msg, char *error_msg) {
      |                                            ~~~~~~^~~~~~~~~~~
../source/K32L2B31A_Project.c:216:24: warning: passing argument 3 of 'write_response_msg' discards 'const' qualifier from pointer target type [-Wdiscarded-qualifiers]
  216 |       ec25_responses_at[ERROR]);
      |       ~~~~~~~~~~~~~~~~~^~~~~~~
../source/K32L2B31A_Project.c:116:69: note: expected 'char *' but argument is of type 'const char *'
  116 | void write_response_msg(uint8_t *response, char *success_msg, char *error_msg) {
      |                                                               ~~~~~~^~~~~~~~~
../source/K32L2B31A_Project.c:230:24: warning: passing argument 2 of 'write_response_msg' discards 'const' qualifier from pointer target type [-Wdiscarded-qualifiers]
  230 |       ec25_responses_at[CMD_AT_AT_GMM_Request_TA_Model_Identification],
      |       ~~~~~~~~~~~~~~~~~^~~~~~~~~~~~~~~~~~~~~~~~~~~~~~~~~~~~~~~~~~~~~~~
../source/K32L2B31A_Project.c:116:50: note: expected 'char *' but argument is of type 'const char *'
  116 | void write_response_msg(uint8_t *response, char *success_msg, char *error_msg) {
      |                                            ~~~~~~^~~~~~~~~~~
../source/K32L2B31A_Project.c:231:24: warning: passing argument 3 of 'write_response_msg' discards 'const' qualifier from pointer target type [-Wdiscarded-qualifiers]
  231 |       ec25_responses_at[ERROR]);
      |       ~~~~~~~~~~~~~~~~~^~~~~~~
../source/K32L2B31A_Project.c:116:69: note: expected 'char *' but argument is of type 'const char *'
  116 | void write_response_msg(uint8_t *response, char *success_msg, char *error_msg) {
      |                                                               ~~~~~~^~~~~~~~~
../source/K32L2B31A_Project.c:246:24: warning: passing argument 2 of 'write_response_msg' discards 'const' qualifier from pointer target type [-Wdiscarded-qualifiers]
  246 |       ec25_responses_at[CMD_AT_AT_GMR_Request_TA_Revision_Identification_of_Software_Release],
      |       ~~~~~~~~~~~~~~~~~^~~~~~~~~~~~~~~~~~~~~~~~~~~~~~~~~~~~~~~~~~~~~~~~~~~~~~~~~~~~~~~~~~~~~~
../source/K32L2B31A_Project.c:116:50: note: expected 'char *' but argument is of type 'const char *'
  116 | void write_response_msg(uint8_t *response, char *success_msg, char *error_msg) {
      |                                            ~~~~~~^~~~~~~~~~~
../source/K32L2B31A_Project.c:247:24: warning: passing argument 3 of 'write_response_msg' discards 'const' qualifier from pointer target type [-Wdiscarded-qualifiers]
  247 |       ec25_responses_at[ERROR]);
      |       ~~~~~~~~~~~~~~~~~^~~~~~~
../source/K32L2B31A_Project.c:116:69: note: expected 'char *' but argument is of type 'const char *'
  116 | void write_response_msg(uint8_t *response, char *success_msg, char *error_msg) {
      |                                                               ~~~~~~^~~~~~~~~
../source/K32L2B31A_Project.c:262:24: warning: passing argument 2 of 'write_response_msg' discards 'const' qualifier from pointer target type [-Wdiscarded-qualifiers]
  262 |       ec25_responses_at[CMD_AT_AT_CGMI_Request_Manufacturer_Identification],
      |       ~~~~~~~~~~~~~~~~~^~~~~~~~~~~~~~~~~~~~~~~~~~~~~~~~~~~~~~~~~~~~~~~~~~~~
../source/K32L2B31A_Project.c:116:50: note: expected 'char *' but argument is of type 'const char *'
  116 | void write_response_msg(uint8_t *response, char *success_msg, char *error_msg) {
      |                                            ~~~~~~^~~~~~~~~~~
../source/K32L2B31A_Project.c:263:24: warning: passing argument 3 of 'write_response_msg' discards 'const' qualifier from pointer target type [-Wdiscarded-qualifiers]
  263 |       ec25_responses_at[ERROR]);
      |       ~~~~~~~~~~~~~~~~~^~~~~~~
../source/K32L2B31A_Project.c:116:69: note: expected 'char *' but argument is of type 'const char *'
  116 | void write_response_msg(uint8_t *response, char *success_msg, char *error_msg) {
      |                                                               ~~~~~~^~~~~~~~~
Finished building: ../source/K32L2B31A_Project.c
 
Building target: K32L2B31A_Project.axf
Invoking: MCU Linker
arm-none-eabi-gcc -nostdlib -Xlinker -Map="K32L2B31A_Project.map" -Xlinker --gc-sections -Xlinker -print-memory-usage -Xlinker --sort-section=alignment -Xlinker --cref -mcpu=cortex-m0plus -mthumb -T K32L2B31A_Project_Debug.ld -o "K32L2B31A_Project.axf" ./utilities/fsl_debug_console.o ./utilities/fsl_str.o  ./startup/startup_k32l2b31a.o  ./source/libraries/leds.o ./source/libraries/lightSensor.o ./source/libraries/lpuart0.o  ./source/K32L2B31A_Project.o ./source/mtb.o ./source/semihost_hardfault.o  ./drivers/fsl_adc16.o ./drivers/fsl_clock.o ./drivers/fsl_common.o ./drivers/fsl_common_arm.o ./drivers/fsl_gpio.o ./drivers/fsl_lpuart.o ./drivers/fsl_smc.o ./drivers/fsl_spi.o ./drivers/fsl_uart.o  ./device/system_K32L2B31A.o  ./component/uart/fsl_adapter_lpuart.o  ./component/serial_manager/fsl_component_serial_manager.o ./component/serial_manager/fsl_component_serial_port_uart.o  ./component/lists/fsl_component_generic_list.o  ./board/board.o ./board/clock_config.o ./board/peripherals.o ./board/pin_mux.o   
Memory region         Used Size  Region Size  %age Used
   PROGRAM_FLASH:       21496 B       256 KB      8.20%
            SRAM:        4772 B        32 KB     14.56%
Finished building target: K32L2B31A_Project.axf
 
Performing post-build steps
arm-none-eabi-size "K32L2B31A_Project.axf"; # arm-none-eabi-objcopy -v -O binary "K32L2B31A_Project.axf" "K32L2B31A_Project.bin" ; # checksum -p K32L2B31xxxxA -d "K32L2B31A_Project.bin";
   text	   data	    bss	    dec	    hex	filename
  21440	     56	   4716	  26212	   6664	K32L2B31A_Project.axf
 
01:27:44 **** Incremental Build of configuration Debug for project K32L2B31A_Project ****
make -r -j8 all 
Building file: ../source/K32L2B31A_Project.c
Invoking: MCU C Compiler
arm-none-eabi-gcc -D__REDLIB__ -DCPU_K32L2B31VLH0A -DCPU_K32L2B31VLH0A_cm0plus -DSDK_OS_BAREMETAL -DSDK_DEBUGCONSOLE=0 -DPRINTF_FLOAT_ENABLE=1 -DSDK_DEBUGCONSOLE_UART -DCR_PRINTF_CHAR -DSERIAL_PORT_TYPE_UART=1 -D__MCUXPRESSO -D__USE_CMSIS -DDEBUG -I"C:\Users\gnagu\Documents\Unimag\IoT\labs-diplomado-iot\K32L2B31A_Project\board" -I"C:\Users\gnagu\Documents\Unimag\IoT\labs-diplomado-iot\K32L2B31A_Project\source" -I"C:\Users\gnagu\Documents\Unimag\IoT\labs-diplomado-iot\K32L2B31A_Project\drivers" -I"C:\Users\gnagu\Documents\Unimag\IoT\labs-diplomado-iot\K32L2B31A_Project\CMSIS" -I"C:\Users\gnagu\Documents\Unimag\IoT\labs-diplomado-iot\K32L2B31A_Project\device" -I"C:\Users\gnagu\Documents\Unimag\IoT\labs-diplomado-iot\K32L2B31A_Project\component\serial_manager" -I"C:\Users\gnagu\Documents\Unimag\IoT\labs-diplomado-iot\K32L2B31A_Project\component\uart" -I"C:\Users\gnagu\Documents\Unimag\IoT\labs-diplomado-iot\K32L2B31A_Project\utilities" -I"C:\Users\gnagu\Documents\Unimag\IoT\labs-diplomado-iot\K32L2B31A_Project\component\lists" -I"C:\Users\gnagu\Documents\Unimag\IoT\labs-diplomado-iot\K32L2B31A_Project\source\libraries" -O0 -fno-common -g3 -Wall -c -ffunction-sections -fdata-sections -ffreestanding -fno-builtin -fmerge-constants -fmacro-prefix-map="../source/"= -mcpu=cortex-m0plus -mthumb -D__REDLIB__ -fstack-usage -specs=redlib.specs -MMD -MP -MF"source/K32L2B31A_Project.d" -MT"source/K32L2B31A_Project.o" -MT"source/K32L2B31A_Project.d" -o "source/K32L2B31A_Project.o" "../source/K32L2B31A_Project.c"
../source/K32L2B31A_Project.c: In function 'write_response_msg':
../source/K32L2B31A_Project.c:123:24: warning: passing argument 2 of 'strcat' makes pointer from integer without a cast [-Wint-conversion]
  123 |   strcat(response_msg, (char) (*(response + i)));
      |                        ^~~~~~~~~~~~~~~~~~~~~~~~
      |                        |
      |                        char
In file included from C:\Users\gnagu\Documents\Unimag\IoT\labs-diplomado-iot\K32L2B31A_Project\drivers/fsl_common.h:15,
                 from C:\Users\gnagu\Documents\Unimag\IoT\labs-diplomado-iot\K32L2B31A_Project\board/clock_config.h:9,
                 from C:\Users\gnagu\Documents\Unimag\IoT\labs-diplomado-iot\K32L2B31A_Project\board/board.h:11,
                 from ../source/K32L2B31A_Project.c:15:
c:\nxp\mcuxpressoide_11.6.1_8255\ide\plugins\com.nxp.mcuxpresso.tools.win32_11.6.1.202207200623\tools\redlib\include\string.h:42:43: note: expected 'const char * restrict' but argument is of type 'char'
   42 |                     const char * restrict __s2);
      |                     ~~~~~~~~~~~~~~~~~~~~~~^~~~
../source/K32L2B31A_Project.c: In function 'main':
../source/K32L2B31A_Project.c:200:22: error: 'success_msg' undeclared (first use in this function)
  200 |     if (strstr(data, success_msg)) {
      |                      ^~~~~~~~~~~
../source/K32L2B31A_Project.c:200:22: note: each undeclared identifier is reported only once for each function it appears in
../source/K32L2B31A_Project.c:200:16: warning: pointer targets in passing argument 1 of 'strstr' differ in signedness [-Wpointer-sign]
  200 |     if (strstr(data, success_msg)) {
      |                ^~~~
      |                |
      |                uint8_t * {aka unsigned char *}
In file included from C:\Users\gnagu\Documents\Unimag\IoT\labs-diplomado-iot\K32L2B31A_Project\drivers/fsl_common.h:15,
                 from C:\Users\gnagu\Documents\Unimag\IoT\labs-diplomado-iot\K32L2B31A_Project\board/clock_config.h:9,
                 from C:\Users\gnagu\Documents\Unimag\IoT\labs-diplomado-iot\K32L2B31A_Project\board/board.h:11,
                 from ../source/K32L2B31A_Project.c:15:
c:\nxp\mcuxpressoide_11.6.1_8255\ide\plugins\com.nxp.mcuxpresso.tools.win32_11.6.1.202207200623\tools\redlib\include\string.h:57:33: note: expected 'const char *' but argument is of type 'uint8_t *' {aka 'unsigned char *'}
   57 | extern char *strstr(const char *__s1, const char *__s2);
      |                     ~~~~~~~~~~~~^~~~
../source/K32L2B31A_Project.c:202:37: error: 'error_msg' undeclared (first use in this function)
  202 |     } else if (strstr(response_msg, error_msg)) {
      |                                     ^~~~~~~~~
../source/K32L2B31A_Project.c:223:24: warning: passing argument 2 of 'write_response_msg' discards 'const' qualifier from pointer target type [-Wdiscarded-qualifiers]
  223 |       ec25_responses_at[CMD_AT_AT_GMI_Request_Manufacturer_Identification],
      |       ~~~~~~~~~~~~~~~~~^~~~~~~~~~~~~~~~~~~~~~~~~~~~~~~~~~~~~~~~~~~~~~~~~~~
../source/K32L2B31A_Project.c:116:50: note: expected 'char *' but argument is of type 'const char *'
  116 | void write_response_msg(uint8_t *response, char *success_msg, char *error_msg) {
      |                                            ~~~~~~^~~~~~~~~~~
../source/K32L2B31A_Project.c:224:24: warning: passing argument 3 of 'write_response_msg' discards 'const' qualifier from pointer target type [-Wdiscarded-qualifiers]
  224 |       ec25_responses_at[ERROR]);
      |       ~~~~~~~~~~~~~~~~~^~~~~~~
../source/K32L2B31A_Project.c:116:69: note: expected 'char *' but argument is of type 'const char *'
  116 | void write_response_msg(uint8_t *response, char *success_msg, char *error_msg) {
      |                                                               ~~~~~~^~~~~~~~~
../source/K32L2B31A_Project.c:238:24: warning: passing argument 2 of 'write_response_msg' discards 'const' qualifier from pointer target type [-Wdiscarded-qualifiers]
  238 |       ec25_responses_at[CMD_AT_AT_GMM_Request_TA_Model_Identification],
      |       ~~~~~~~~~~~~~~~~~^~~~~~~~~~~~~~~~~~~~~~~~~~~~~~~~~~~~~~~~~~~~~~~
../source/K32L2B31A_Project.c:116:50: note: expected 'char *' but argument is of type 'const char *'
  116 | void write_response_msg(uint8_t *response, char *success_msg, char *error_msg) {
      |                                            ~~~~~~^~~~~~~~~~~
../source/K32L2B31A_Project.c:239:24: warning: passing argument 3 of 'write_response_msg' discards 'const' qualifier from pointer target type [-Wdiscarded-qualifiers]
  239 |       ec25_responses_at[ERROR]);
      |       ~~~~~~~~~~~~~~~~~^~~~~~~
../source/K32L2B31A_Project.c:116:69: note: expected 'char *' but argument is of type 'const char *'
  116 | void write_response_msg(uint8_t *response, char *success_msg, char *error_msg) {
      |                                                               ~~~~~~^~~~~~~~~
../source/K32L2B31A_Project.c:254:24: warning: passing argument 2 of 'write_response_msg' discards 'const' qualifier from pointer target type [-Wdiscarded-qualifiers]
  254 |       ec25_responses_at[CMD_AT_AT_GMR_Request_TA_Revision_Identification_of_Software_Release],
      |       ~~~~~~~~~~~~~~~~~^~~~~~~~~~~~~~~~~~~~~~~~~~~~~~~~~~~~~~~~~~~~~~~~~~~~~~~~~~~~~~~~~~~~~~
../source/K32L2B31A_Project.c:116:50: note: expected 'char *' but argument is of type 'const char *'
  116 | void write_response_msg(uint8_t *response, char *success_msg, char *error_msg) {
      |                                            ~~~~~~^~~~~~~~~~~
../source/K32L2B31A_Project.c:255:24: warning: passing argument 3 of 'write_response_msg' discards 'const' qualifier from pointer target type [-Wdiscarded-qualifiers]
  255 |       ec25_responses_at[ERROR]);
      |       ~~~~~~~~~~~~~~~~~^~~~~~~
../source/K32L2B31A_Project.c:116:69: note: expected 'char *' but argument is of type 'const char *'
  116 | void write_response_msg(uint8_t *response, char *success_msg, char *error_msg) {
      |                                                               ~~~~~~^~~~~~~~~
../source/K32L2B31A_Project.c:270:24: warning: passing argument 2 of 'write_response_msg' discards 'const' qualifier from pointer target type [-Wdiscarded-qualifiers]
  270 |       ec25_responses_at[CMD_AT_AT_CGMI_Request_Manufacturer_Identification],
      |       ~~~~~~~~~~~~~~~~~^~~~~~~~~~~~~~~~~~~~~~~~~~~~~~~~~~~~~~~~~~~~~~~~~~~~
../source/K32L2B31A_Project.c:116:50: note: expected 'char *' but argument is of type 'const char *'
  116 | void write_response_msg(uint8_t *response, char *success_msg, char *error_msg) {
      |                                            ~~~~~~^~~~~~~~~~~
../source/K32L2B31A_Project.c:271:24: warning: passing argument 3 of 'write_response_msg' discards 'const' qualifier from pointer target type [-Wdiscarded-qualifiers]
  271 |       ec25_responses_at[ERROR]);
      |       ~~~~~~~~~~~~~~~~~^~~~~~~
../source/K32L2B31A_Project.c:116:69: note: expected 'char *' but argument is of type 'const char *'
  116 | void write_response_msg(uint8_t *response, char *success_msg, char *error_msg) {
      |                                                               ~~~~~~^~~~~~~~~
make[1]: *** [source/subdir.mk:26: source/K32L2B31A_Project.o] Error 1
make: *** [makefile:46: all] Error 2
"make -r -j8 all" terminated with exit code 2. Build might be incomplete.
01:28:07 **** Clean-only build of configuration Debug for project K32L2B31A_Project ****
make -r -j8 clean 
rm -rf ./utilities/fsl_debug_console.d ./utilities/fsl_debug_console.o ./utilities/fsl_str.d ./utilities/fsl_str.o
rm -rf ./startup/startup_k32l2b31a.d ./startup/startup_k32l2b31a.o
rm -rf ./source/libraries/leds.d ./source/libraries/leds.o ./source/libraries/lightSensor.d ./source/libraries/lightSensor.o ./source/libraries/lpuart0.d ./source/libraries/lpuart0.o
rm -rf ./source/K32L2B31A_Project.d ./source/K32L2B31A_Project.o ./source/mtb.d ./source/mtb.o ./source/semihost_hardfault.d ./source/semihost_hardfault.o
rm -rf ./drivers/fsl_adc16.d ./drivers/fsl_adc16.o ./drivers/fsl_clock.d ./drivers/fsl_clock.o ./drivers/fsl_common.d ./drivers/fsl_common.o ./drivers/fsl_common_arm.d ./drivers/fsl_common_arm.o ./drivers/fsl_gpio.d ./drivers/fsl_gpio.o ./drivers/fsl_lpuart.d ./drivers/fsl_lpuart.o ./drivers/fsl_smc.d ./drivers/fsl_smc.o ./drivers/fsl_spi.d ./drivers/fsl_spi.o ./drivers/fsl_uart.d ./drivers/fsl_uart.o
rm -rf ./device/system_K32L2B31A.d ./device/system_K32L2B31A.o
rm -rf ./component/uart/fsl_adapter_lpuart.d ./component/uart/fsl_adapter_lpuart.o
rm -rf ./component/serial_manager/fsl_component_serial_manager.d ./component/serial_manager/fsl_component_serial_manager.o ./component/serial_manager/fsl_component_serial_port_uart.d ./component/serial_manager/fsl_component_serial_port_uart.o
rm -rf ./component/lists/fsl_component_generic_list.d ./component/lists/fsl_component_generic_list.o
rm -rf ./board/board.d ./board/board.o ./board/clock_config.d ./board/clock_config.o ./board/peripherals.d ./board/peripherals.o ./board/pin_mux.d ./board/pin_mux.o
rm -rf K32L2B31A_Project.axf
 
01:28:10 **** Build of configuration Debug for project K32L2B31A_Project ****
make -r -j8 all 
Building file: ../utilities/fsl_debug_console.c
Building file: ../utilities/fsl_str.c
Building file: ../startup/startup_k32l2b31a.c
Building file: ../source/libraries/leds.c
Invoking: MCU C Compiler
Invoking: MCU C Compiler
arm-none-eabi-gcc -D__REDLIB__ -DCPU_K32L2B31VLH0A -DCPU_K32L2B31VLH0A_cm0plus -DSDK_OS_BAREMETAL -DSDK_DEBUGCONSOLE=0 -DPRINTF_FLOAT_ENABLE=1 -DSDK_DEBUGCONSOLE_UART -DCR_PRINTF_CHAR -DSERIAL_PORT_TYPE_UART=1 -D__MCUXPRESSO -D__USE_CMSIS -DDEBUG -I"C:\Users\gnagu\Documents\Unimag\IoT\labs-diplomado-iot\K32L2B31A_Project\board" -I"C:\Users\gnagu\Documents\Unimag\IoT\labs-diplomado-iot\K32L2B31A_Project\source" -I"C:\Users\gnagu\Documents\Unimag\IoT\labs-diplomado-iot\K32L2B31A_Project\drivers" -I"C:\Users\gnagu\Documents\Unimag\IoT\labs-diplomado-iot\K32L2B31A_Project\CMSIS" -I"C:\Users\gnagu\Documents\Unimag\IoT\labs-diplomado-iot\K32L2B31A_Project\device" -I"C:\Users\gnagu\Documents\Unimag\IoT\labs-diplomado-iot\K32L2B31A_Project\component\serial_manager" -I"C:\Users\gnagu\Documents\Unimag\IoT\labs-diplomado-iot\K32L2B31A_Project\component\uart" -I"C:\Users\gnagu\Documents\Unimag\IoT\labs-diplomado-iot\K32L2B31A_Project\utilities" -I"C:\Users\gnagu\Documents\Unimag\IoT\labs-diplomado-iot\K32L2B31A_Project\component\lists" -I"C:\Users\gnagu\Documents\Unimag\IoT\labs-diplomado-iot\K32L2B31A_Project\source\libraries" -O0 -fno-common -g3 -Wall -c -ffunction-sections -fdata-sections -ffreestanding -fno-builtin -fmerge-constants -fmacro-prefix-map="../utilities/"= -mcpu=cortex-m0plus -mthumb -D__REDLIB__ -fstack-usage -specs=redlib.specs -MMD -MP -MF"utilities/fsl_debug_console.d" -MT"utilities/fsl_debug_console.o" -MT"utilities/fsl_debug_console.d" -o "utilities/fsl_debug_console.o" "../utilities/fsl_debug_console.c"
Invoking: MCU C Compiler
arm-none-eabi-gcc -D__REDLIB__ -DCPU_K32L2B31VLH0A -DCPU_K32L2B31VLH0A_cm0plus -DSDK_OS_BAREMETAL -DSDK_DEBUGCONSOLE=0 -DPRINTF_FLOAT_ENABLE=1 -DSDK_DEBUGCONSOLE_UART -DCR_PRINTF_CHAR -DSERIAL_PORT_TYPE_UART=1 -D__MCUXPRESSO -D__USE_CMSIS -DDEBUG -I"C:\Users\gnagu\Documents\Unimag\IoT\labs-diplomado-iot\K32L2B31A_Project\board" -I"C:\Users\gnagu\Documents\Unimag\IoT\labs-diplomado-iot\K32L2B31A_Project\source" -I"C:\Users\gnagu\Documents\Unimag\IoT\labs-diplomado-iot\K32L2B31A_Project\drivers" -I"C:\Users\gnagu\Documents\Unimag\IoT\labs-diplomado-iot\K32L2B31A_Project\CMSIS" -I"C:\Users\gnagu\Documents\Unimag\IoT\labs-diplomado-iot\K32L2B31A_Project\device" -I"C:\Users\gnagu\Documents\Unimag\IoT\labs-diplomado-iot\K32L2B31A_Project\component\serial_manager" -I"C:\Users\gnagu\Documents\Unimag\IoT\labs-diplomado-iot\K32L2B31A_Project\component\uart" -I"C:\Users\gnagu\Documents\Unimag\IoT\labs-diplomado-iot\K32L2B31A_Project\utilities" -I"C:\Users\gnagu\Documents\Unimag\IoT\labs-diplomado-iot\K32L2B31A_Project\cInvoking: MCU C Compiler
omponent\lists" -I"C:\Users\gnagu\Documents\Unimag\IoT\labs-diplomado-iot\K32L2B31A_Project\source\libraries" -O0 -fno-common -g3 -Wall -c -ffunction-sections -fdata-sections -ffreestanding -fno-builtin -fmerge-constants -fmacro-prefix-map="../utilities/"= -mcpu=cortex-m0plus -mthumb -D__REDLIB__ -fstack-usage -specs=redlib.specs -MMD -MP -MF"utilities/fsl_str.d" -MT"utilities/fsl_str.o" -MT"utilities/fsl_str.d" -o "utilities/fsl_str.o" "../utilities/fsl_str.c"
arm-none-eabi-gcc -D__REDLIB__ -DCPU_K32L2B31VLH0A -DCPU_K32L2B31VLH0A_cm0plus -DSDK_OS_BAREMETAL -DSDK_DEBUGCONSOLE=0 -DPRINTF_FLOAT_ENABLE=1 -DSDK_DEBUGCONSOLE_UART -DCR_PRINTF_CHAR -DSERIAL_PORT_TYPE_UART=1 -D__MCUXPRESSO -D__USE_CMSIS -DDEBUG -I"C:\Users\gnagu\Documents\Unimag\IoT\labs-diplomado-iot\K32L2B31A_Project\board" -I"C:\Users\gnagu\Documents\Unimag\IoT\labs-diplomado-iot\K32L2B31A_Project\source" -I"C:\Users\gnagu\Documents\Unimag\IoT\labs-diplomado-iot\K32L2B31A_Project\drivers" -I"C:\Users\gnagu\Documents\Unimag\IoT\labs-diplomado-iot\K32L2B31A_Project\CMSIS" -I"C:\Users\gnagu\Documents\Unimag\IoT\labs-diplomado-iot\K32L2B31A_Project\device" -I"C:\Users\gnagu\Documents\Unimag\IoT\labs-diplomado-iot\K32L2B31A_Project\component\serial_manager" -I"C:\Users\gnagu\Documents\Unimag\IoT\labs-diplomado-iot\K32L2B31A_Project\component\uart" -I"C:\Users\gnagu\Documents\Unimag\IoT\labs-diplomado-iot\K32L2B31A_Project\utilities" -I"C:\Users\gnagu\Documents\Unimag\IoT\labs-diplomado-iot\K32L2B31A_Project\component\lists" -I"C:\Users\gnagu\Documents\Unimag\IoT\labs-diplomado-iot\K32L2B31A_Project\source\libraries" -O0 -fno-common -g3 -Wall -c -ffunction-sections -fdata-sections -ffreestanding -fno-builtin -fmerge-constants -fmacro-prefix-map="../startup/"= -mcpu=cortex-m0plus -mthumb -D__REDLIB__ -fstack-usage -specs=redlib.specs -MMD -MP -MF"startup/startup_k32l2b31a.d" -MT"startup/startup_k32l2b31a.o" -MT"startup/startup_k32l2b31a.d" -o "startup/startup_k32l2b31a.o" "../startup/startup_k32l2b31a.c"
arm-none-eabi-gcc -D__REDLIB__ -DCPU_K32L2B31VLH0A -DCPU_K32L2B31VLH0A_cm0plus -DSDK_OS_BAREMETAL -DSDK_DEBUGCONSOLE=0 -DPRINTF_FLOAT_ENABLE=1 -DSDK_DEBUGCONSOLE_UART -DCR_PRINTF_CHAR -DSERIAL_PORT_TYPE_UART=1 -D__MCUXPRESSO -D__USE_CMSIS -DDEBUG -I"C:\Users\gnagu\Documents\Unimag\IoT\labs-diplomado-iot\K32L2B31A_Project\board" -I"C:\Users\gnagu\Documents\Unimag\IoT\labs-diplomado-iot\K32L2B31A_Project\source" -I"C:\Users\gnagu\Documents\Unimag\IoT\labs-diplomado-iot\K32L2B31A_Project\drivers" -I"C:\Users\gnagu\Documents\Unimag\IoT\labs-diplomado-iot\K32L2B31A_Project\CMSIS" -I"C:\Users\gnagu\Documents\Unimag\IoT\labs-diplomado-iot\K32L2B31A_Project\device" -I"C:\Users\gnagu\Documents\Unimag\IoT\labs-diplomado-iot\K32L2B31A_Project\component\serial_manager" -I"C:\Users\gnagu\Documents\Unimag\IoT\labs-diplomado-iot\K32L2B31A_Project\component\uart" -I"C:\Users\gnagu\Documents\Unimag\IoT\labs-diplomado-iot\K32L2B31A_Project\utilities" -I"C:\Users\gnagu\Documents\Unimag\IoT\labs-diplomado-iot\K32L2B31A_Project\component\lists" -I"C:\Users\gnagu\Documents\Unimag\IoT\labs-diplomado-iot\K32L2B31A_Project\source\libraries" -O0 -fno-common -g3 -Wall -c -ffunction-sections -fdata-sections -ffreestanding -fno-builtin -fmerge-constants -fmacro-prefix-map="../source/libraries/"= -mcpu=cortex-m0plus -mthumb -D__REDLIB__ -fstack-usage -specs=redlib.specs -MMD -MP -MF"source/libraries/leds.d" -MT"source/libraries/leds.o" -MT"source/libraries/leds.d" -o "source/libraries/leds.o" "../source/libraries/leds.c"
Building file: ../source/libraries/lightSensor.c
Building file: ../source/libraries/lpuart0.c
Building file: ../source/K32L2B31A_Project.c
Invoking: MCU C Compiler
Invoking: MCU C Compiler
Building file: ../source/mtb.c
arm-none-eabi-gcc -D__REDLIB__ -DCPU_K32L2B31VLH0A -DCPU_K32L2B31VLH0A_cm0plus -DSDK_OS_BAREMETAL -DSDK_DEBUGCONSOLE=0 -DPRINTF_FLOAT_ENABLE=1 -DSDK_DEBUGCONSOLE_UART -DCR_PRINTF_CHAR -DSERIAL_PORT_TYPE_UART=1 -D__MCUXPRESSO -D__USE_CMSIS -DDEBUG -I"C:\Users\gnagu\Documents\Unimag\IoT\labs-diplomado-iot\K32L2B31A_Project\board" -I"C:\Users\gnagu\Documents\Unimag\IoT\labs-diplomado-iot\K32L2B31A_Project\source" -I"C:\Users\gnagu\Documents\Unimag\IoT\labs-diplomado-iot\K32L2B31A_Project\drivers" -I"C:\Users\gnagu\Documents\Unimag\IoT\labs-diplomado-iot\K32L2B31A_Project\CMSIS" -I"C:\Users\gnagu\Documents\Unimag\IoT\labs-diplomado-iot\K32L2B31A_Project\device" -I"C:\Users\gnagu\Documents\Unimag\IoT\labs-diplomado-iot\K32L2B31A_Project\component\serial_manager" -I"C:\Users\gnagu\Documents\Unimag\IoT\labs-diplomado-iot\K32L2B31A_Project\component\uart" -I"C:\Users\gnagu\Documents\Unimag\IoT\labs-diplomado-iot\K32L2B31A_Project\utilities" -I"C:\Users\gnagu\Documents\Unimag\IoT\labs-diplomado-iot\K32L2B31A_Project\component\lists" -I"C:\Users\gnagu\Documents\Unimag\IoT\labs-diplomado-iot\K32L2B31A_Project\source\libraries" -O0 -fno-common -g3 -Wall -c -ffunction-sections -fdata-sections -ffreestanding -fno-builtin -fmerge-constants -fmacro-prefix-map="../source/libraries/"= -mcpu=cortex-m0plus -mthumb -D__REDLIB__ -fstack-usage -specs=redlib.specs -MMD -MP -MF"source/libraries/lightSensor.d" -MT"source/libraries/lightSensor.o" -MT"source/libraries/lightSensor.d" -o "source/libraries/lightSensor.o" "../source/libraries/lightSensor.c"
arm-none-eabi-gcc -D__REDLIB__ -DCPU_K32L2B31VLH0A -DCPU_K32L2B31VLH0A_cm0plus -DSDK_OS_BAREMETAL -DSDK_DEBUGCONSOLE=0 -DPRINTF_FLOAT_ENABLE=1 -DSDK_DEBUGCONSOLE_UART -DCR_PRINTF_CHAR -DSERIAL_PORT_TYPE_UART=1 -D__MCUXPRESSO -D__USE_CMSIS -DDEBUG -I"C:\Users\gnagu\Documents\Unimag\IoT\labs-diplomado-iot\K32L2B31A_Project\board" -I"C:\Users\gnagu\Documents\Unimag\IoT\labs-diplomado-iot\K32L2B31A_Project\source" -I"C:\Users\gnagu\Documents\Unimag\IoT\labs-diplomado-iot\K32L2B31A_Project\drivers" -I"C:\Users\gnagu\Documents\Unimag\IoT\labs-diplomado-iot\K32L2B31A_Project\CMSIS" -I"C:\Users\gnagu\Documents\Unimag\IoT\labs-diplomado-iot\K32L2B31A_Project\device" -I"C:\Users\gnagu\Documents\Unimag\IoT\labs-diplomado-iot\K32L2B31A_Project\component\serial_manager" -I"C:\Users\gnagu\Documents\Unimag\IoT\labs-diplomado-iot\K32L2B31A_Project\component\uart" -I"C:\Users\gnagu\Documents\Unimag\IoT\labs-diplomado-iot\K32L2B31A_Project\utilities" -I"C:\Users\gnagu\Documents\Unimag\IoT\labs-diplomado-iot\K32L2B31A_Project\component\lists" -I"C:\Users\gnagu\Documents\Unimag\IoT\labs-diplomado-iot\K32L2B31A_Project\source\libraries" -O0 -fno-common -g3 -Wall -c -ffunction-sections -fdata-sections -ffreestanding -fno-builtin -fmerge-constants -fmacro-prefix-map="../source/libraries/"= -mcpu=cortex-m0plus -mthumb -D__REDLIB__ -fstack-usage -specs=redlib.specs -MMD -MP -MF"source/libraries/lpuart0.d" -MT"source/libraries/lpuart0.o" -MT"source/libraries/lpuart0.d" -o "source/libraries/lpuart0.o" "../source/libraries/lpuart0.c"
Invoking: MCU C Compiler
arm-none-eabi-gcc -D__REDLIB__ -DCPU_K32L2B31VLH0A -DCPU_K32L2B31VLH0A_cm0plus -DSDK_OS_BAREMETAL -DSDK_DEBUGCONSOLE=0 -DPRINTF_FLOAT_ENABLE=1 -DSDK_DEBUGCONSOLE_UART -DCR_PRINTF_CHAR -DSERIAL_PORT_TYPE_UART=1 -D__MCUXPRESSO -D__USE_CMSIS -DDEBUG -I"C:\Users\gnagu\Documents\Unimag\IoT\labs-diplomado-iot\K32L2B31A_Project\board" -I"C:\Users\gnagu\Documents\Unimag\IoT\labs-diplomado-iot\K32L2B31A_Project\source" -I"C:\Users\gnagu\Documents\Unimag\IoT\labs-diplomado-iot\K32L2B31A_Project\drivers" -I"C:\Users\gnagu\Documents\Unimag\IoT\labs-diplomado-iot\K32L2B31A_Project\CMSIS" -I"C:\Users\gnagu\Documents\Unimag\IoT\labs-diplomado-iot\K32L2B31A_Project\device" -I"C:\Users\gnagu\Documents\Unimag\IoT\labs-diplomado-iot\K32L2B31A_Project\component\serial_manager" -I"C:\Users\gnagu\Documents\Unimag\IoT\labs-diplomado-iot\K32L2B31A_Project\component\uart" -I"C:\Users\gnagu\Documents\Unimag\IoT\labs-diplomado-iot\K32L2B31A_Project\utilities" -I"C:\Users\gnagu\Documents\Unimag\IoT\labs-diplomado-iot\K32L2B31A_Project\component\lists" -I"C:\Users\gnagu\Documents\Unimag\IoT\labs-diplomado-iot\K32L2B31A_Project\source\libraries" -O0 -fno-common -g3 -Wall -c -ffunction-sections -fdata-sections -ffreestanding -fno-builtin -fmerge-constants -fmacro-prefix-map="../source/"= -mcpu=cortex-m0plus -mthumb -D__REDLIB__ -fstack-usage -specs=redlib.specs -MMD -MP -MF"source/K32L2B31A_Project.d" -MT"source/K32L2B31A_Project.o" -MT"source/K32L2B31A_Project.d" -o "source/K32L2B31A_Project.o" "../source/K32L2B31A_Project.c"
Invoking: MCU C Compiler
arm-none-eabi-gcc -D__REDLIB__ -DCPU_K32L2B31VLH0A -DCPU_K32L2B31VLH0A_cm0plus -DSDK_OS_BAREMETAL -DSDK_DEBUGCONSOLE=0 -DPRINTF_FLOAT_ENABLE=1 -DSDK_DEBUGCONSOLE_UART -DCR_PRINTF_CHAR -DSERIAL_PORT_TYPE_UART=1 -D__MCUXPRESSO -D__USE_CMSIS -DDEBUG -I"C:\Users\gnagu\Documents\Unimag\IoT\labs-diplomado-iot\K32L2B31A_Project\board" -I"C:\Users\gnagu\Documents\Unimag\IoT\labs-diplomado-iot\K32L2B31A_Project\source" -I"C:\Users\gnagu\Documents\Unimag\IoT\labs-diplomado-iot\K32L2B31A_Project\drivers" -I"C:\Users\gnagu\Documents\Unimag\IoT\labs-diplomado-iot\K32L2B31A_Project\CMSIS" -I"C:\Users\gnagu\Documents\Unimag\IoT\labs-diplomado-iot\K32L2B31A_Project\device" -I"C:\Users\gnagu\Documents\Unimag\IoT\labs-diplomado-iot\K32L2B31A_Project\component\serial_manager" -I"C:\Users\gnagu\Documents\Unimag\IoT\labs-diplomado-iot\K32L2B31A_Project\component\uart" -I"C:\Users\gnagu\Documents\Unimag\IoT\labs-diplomado-iot\K32L2B31A_Project\utilities" -I"C:\Users\gnagu\Documents\Unimag\IoT\labs-diplomado-iot\K32L2B31A_Project\component\lists" -I"C:\Users\gnagu\Documents\Unimag\IoT\labs-diplomado-iot\K32L2B31A_Project\source\libraries" -O0 -fno-common -g3 -Wall -c -ffunction-sections -fdata-sections -ffreestanding -fno-builtin -fmerge-constants -fmacro-prefix-map="../source/"= -mcpu=cortex-m0plus -mthumb -D__REDLIB__ -fstack-usage -specs=redlib.specs -MMD -MP -MF"source/mtb.d" -MT"source/mtb.o" -MT"source/mtb.d" -o "source/mtb.o" "../source/mtb.c"
../source/K32L2B31A_Project.c: In function 'write_response_msg':
../source/K32L2B31A_Project.c:123:24: warning: passing argument 2 of 'strcat' makes pointer from integer without a cast [-Wint-conversion]
  123 |   strcat(response_msg, (char) (*(response + i)));
      |                        ^~~~~~~~~~~~~~~~~~~~~~~~
      |                        |
      |                        char
In file included from C:\Users\gnagu\Documents\Unimag\IoT\labs-diplomado-iot\K32L2B31A_Project\drivers/fsl_common.h:15,
                 from C:\Users\gnagu\Documents\Unimag\IoT\labs-diplomado-iot\K32L2B31A_Project\board/clock_config.h:9,
                 from C:\Users\gnagu\Documents\Unimag\IoT\labs-diplomado-iot\K32L2B31A_Project\board/board.h:11,
                 from ../source/K32L2B31A_Project.c:15:
c:\nxp\mcuxpressoide_11.6.1_8255\ide\plugins\com.nxp.mcuxpresso.tools.win32_11.6.1.202207200623\tools\redlib\include\string.h:42:43: note: expected 'const char * restrict' but argument is of type 'char'
   42 |                     const char * restrict __s2);
      |                     ~~~~~~~~~~~~~~~~~~~~~~^~~~
../source/K32L2B31A_Project.c: In function 'main':
../source/K32L2B31A_Project.c:200:16: warning: pointer targets in passing argument 1 of 'strstr' differ in signedness [-Wpointer-sign]
  200 |     if (strstr(data, "OK")) {
      |                ^~~~
      |                |
      |                uint8_t * {aka unsigned char *}
In file included from C:\Users\gnagu\Documents\Unimag\IoT\labs-diplomado-iot\K32L2B31A_Project\drivers/fsl_common.h:15,
                 from C:\Users\gnagu\Documents\Unimag\IoT\labs-diplomado-iot\K32L2B31A_Project\board/clock_config.h:9,
                 from C:\Users\gnagu\Documents\Unimag\IoT\labs-diplomado-iot\K32L2B31A_Project\board/board.h:11,
                 from ../source/K32L2B31A_Project.c:15:
c:\nxp\mcuxpressoide_11.6.1_8255\ide\plugins\com.nxp.mcuxpresso.tools.win32_11.6.1.202207200623\tools\redlib\include\string.h:57:33: note: expected 'const char *' but argument is of type 'uint8_t *' {aka 'unsigned char *'}
   57 | extern char *strstr(const char *__s1, const char *__s2);
      |                     ~~~~~~~~~~~~^~~~
../source/K32L2B31A_Project.c:223:24: warning: passing argument 2 of 'write_response_msg' discards 'const' qualifier from pointer target type [-Wdiscarded-qualifiers]
  223 |       ec25_responses_at[CMD_AT_AT_GMI_Request_Manufacturer_Identification],
      |       ~~~~~~~~~~~~~~~~~^~~~~~~~~~~~~~~~~~~~~~~~~~~~~~~~~~~~~~~~~~~~~~~~~~~
../source/K32L2B31A_Project.c:116:50: note: expected 'char *' but argument is of type 'const char *'
  116 | void write_response_msg(uint8_t *response, char *success_msg, char *error_msg) {
      |                                            ~~~~~~^~~~~~~~~~~
../source/K32L2B31A_Project.c:224:24: warning: passing argument 3 of 'write_response_msg' discards 'const' qualifier from pointer target type [-Wdiscarded-qualifiers]
  224 |       ec25_responses_at[ERROR]);
      |       ~~~~~~~~~~~~~~~~~^~~~~~~
../source/K32L2B31A_Project.c:116:69: note: expected 'char *' but argument is of type 'const char *'
  116 | void write_response_msg(uint8_t *response, char *success_msg, char *error_msg) {
      |                                                               ~~~~~~^~~~~~~~~
Finished building: ../startup/startup_k32l2b31a.c
../source/K32L2B31A_Project.c:238:24: warning: passing argument 2 of 'write_response_msg' discards 'const' qualifier from pointer target type [-Wdiscarded-qualifiers]
  238 |       ec25_responses_at[CMD_AT_AT_GMM_Request_TA_Model_Identification],
      |       ~~~~~~~~~~~~~~~~~^~~~~~~~~~~~~~~~~~~~~~~~~~~~~~~~~~~~~~~~~~~~~~~
../source/K32L2B31A_Project.c:116:50: note: expected 'char *' but argument is of type 'const char *'
  116 | void write_response_msg(uint8_t *response, char *success_msg, char *error_msg) {
      |                                            ~~~~~~^~~~~~~~~~~
../source/K32L2B31A_Project.c:239:24: warning: passing argument 3 of 'write_response_msg' discards 'const' qualifier from pointer target type [-Wdiscarded-qualifiers]
  239 |       ec25_responses_at[ERROR]);
      |       ~~~~~~~~~~~~~~~~~^~~~~~~
../source/K32L2B31A_Project.c:116:69: note: expected 'char *' but argument is of type 'const char *'
  116 | void write_response_msg(uint8_t *response, char *success_msg, char *error_msg) {
      |                                                               ~~~~~~^~~~~~~~~
../source/K32L2B31A_Project.c:254:24: warning: passing argument 2 of 'write_response_msg' discards 'const' qualifier from pointer target type [-Wdiscarded-qualifiers]
  254 |       ec25_responses_at[CMD_AT_AT_GMR_Request_TA_Revision_Identification_of_Software_Release],
      |       ~~~~~~~~~~~~~~~~~^~~~~~~~~~~~~~~~~~~~~~~~~~~~~~~~~~~~~~~~~~~~~~~~~~~~~~~~~~~~~~~~~~~~~~
../source/K32L2B31A_Project.c:116:50: note: expected 'char *' but argument is of type 'const char *'
  116 | void write_response_msg(uint8_t *response, char *success_msg, char *error_msg) {
      |                                            ~~~~~~^~~~~~~~~~~
../source/K32L2B31A_Project.c:255:24: warning: passing argument 3 of 'write_response_msg' discards 'const' qualifier from pointer target type [-Wdiscarded-qualifiers]
  255 |       ec25_responses_at[ERROR]);
      |       ~~~~~~~~~~~~~~~~~^~~~~~~
../source/K32L2B31A_Project.c:116:69: note: expected 'char *' but argument is of type 'const char *'
  116 | void write_response_msg(uint8_t *response, char *success_msg, char *error_msg) {
      |                                                               ~~~~~~^~~~~~~~~
../source/K32L2B31A_Project.c:270:24: warning: passing argument 2 of 'write_response_msg' discards 'const' qualifier from pointer target type [-Wdiscarded-qualifiers]
  270 |       ec25_responses_at[CMD_AT_AT_CGMI_Request_Manufacturer_Identification],
      |       ~~~~~~~~~~~~~~~~~^~~~~~~~~~~~~~~~~~~~~~~~~~~~~~~~~~~~~~~~~~~~~~~~~~~~
../source/K32L2B31A_Project.c:116:50: note: expected 'char *' but argument is of type 'const char *'
  116 | void write_response_msg(uint8_t *response, char *success_msg, char *error_msg) {
      |                                            ~~~~~~^~~~~~~~~~~
../source/K32L2B31A_Project.c:271:24: warning: passing argument 3 of 'write_response_msg' discards 'const' qualifier from pointer target type [-Wdiscarded-qualifiers]
  271 |       ec25_responses_at[ERROR]);
      |       ~~~~~~~~~~~~~~~~~^~~~~~~
../source/K32L2B31A_Project.c:116:69: note: expected 'char *' but argument is of type 'const char *'
  116 | void write_response_msg(uint8_t *response, char *success_msg, char *error_msg) {
      |                                                               ~~~~~~^~~~~~~~~
 
Building file: ../source/semihost_hardfault.c
Finished building: ../source/mtb.c
Invoking: MCU C Compiler
 
arm-none-eabi-gcc -D__REDLIB__ -DCPU_K32L2B31VLH0A -DCPU_K32L2B31VLH0A_cm0plus -DSDK_OS_BAREMETAL -DSDK_DEBUGCONSOLE=0 -DPRINTF_FLOAT_ENABLE=1 -DSDK_DEBUGCONSOLE_UART -DCR_PRINTF_CHAR -DSERIAL_PORT_TYPE_UART=1 -D__MCUXPRESSO -D__USE_CMSIS -DDEBUG -I"C:\Users\gnagu\Documents\Unimag\IoT\labs-diplomado-iot\K32L2B31A_Project\board" -I"C:\Users\gnagu\Documents\Unimag\IoT\labs-diplomado-iot\K32L2B31A_Project\source" -I"C:\Users\gnagu\Documents\Unimag\IoT\labs-diplomado-iot\K32L2B31A_Project\drivers" -I"C:\Users\gnagu\Documents\Unimag\IoT\labs-diplomado-iot\K32L2B31A_Project\CMSIS" -I"C:\Users\gnagu\Documents\Unimag\IoT\labs-diplomado-iot\K32L2B31A_Project\device" -I"C:\Users\gnagu\Documents\Unimag\IoT\labs-diplomado-iot\K32L2B31A_Project\component\serial_manager" -I"C:\Users\gnagu\Documents\Unimag\IoT\labs-diplomado-iot\K32L2B31A_Project\component\uart" -I"C:\Users\gnagu\Documents\Unimag\IoT\labs-diplomado-iot\K32L2B31A_Project\utilities" -I"C:\Users\gnagu\Documents\Unimag\IoT\labs-diplomado-iot\K32L2B31A_Project\component\lists" -I"C:\Users\gnagu\Documents\Unimag\IoT\labs-diplomado-iot\K32L2B31A_Project\source\libraries" -O0 -fno-common -g3 -Wall -c -ffunction-sections -fdata-sections -ffreestanding -fno-builtin -fmerge-constants -fmacro-prefix-map="../source/"= -mcpu=cortex-m0plus -mthumb -D__REDLIB__ -fstack-usage -specs=redlib.specs -MMD -MP -MF"source/semihost_hardfault.d" -MT"source/semihost_hardfault.o" -MT"source/semihost_hardfault.d" -o "source/semihost_hardfault.o" "../source/semihost_hardfault.c"
Building file: ../drivers/fsl_adc16.c
Finished building: ../utilities/fsl_debug_console.c
Finished building: ../source/libraries/leds.c
Invoking: MCU C Compiler
arm-none-eabi-gcc -D__REDLIB__ -DCPU_K32L2B31VLH0A -DCPU_K32L2B31VLH0A_cm0plus -DSDK_OS_BAREMETAL -DSDK_DEBUGCONSOLE=0 -DPRINTF_FLOAT_ENABLE=1 -DSDK_DEBUGCONSOLE_UART -DCR_PRINTF_CHAR -DSERIAL_PORT_TYPE_UART=1 -D__MCUXPRESSO -D__USE_CMSIS -DDEBUG -I"C:\Users\gnagu\Documents\Unimag\IoT\labs-diplomado-iot\K32L2B31A_Project\board" -I"C:\Users\gnagu\Documents\Unimag\IoT\labs-diplomado-iot\K32L2B31A_Project\source" -I"C:\Users\gnagu\Documents\Unimag\IoT\labs-diplomado-iot\K32L2B31A_Project\drivers" -I"C:\Users\gnagu\Documents\Unimag\IoT\labs-diplomado-iot\K32L2B31A_Project\CMSIS" -I"C:\Users\gnagu\Documents\Unimag\IoT\labs-diplomado-iot\K32L2B31A_Project\device" -I"C:\Users\gnagu\Documents\Unimag\IoT\labs-diplomado-iot\K32L2B31A_Project\component\serial_manager" -I"C:\Users\gnagu\Documents\Unimag\IoT\labs-diplomado-iot\K32L2B31A_Project\component\uart" -I"C:\Users\gnagu\Documents\Unimag\IoT\labs-diplomado-iot\K32L2B31A_Project\utilities" -I"C:\Users\gnagu\Documents\Unimag\IoT\labs-diplomado-iot\K32L2B31A_Project\component\lists" -I"C:\Users\gnagu\Documents\Unimag\IoT\labs-diplomado-iot\K32L2B31A_Project\source\libraries" -O0 -fno-common -g3 -Wall -c -ffunction-sections -fdata-sections -ffreestanding -fno-builtin -fmerge-constants -fmacro-prefix-map="../drivers/"= -mcpu=cortex-m0plus -mthumb -D__REDLIB__ -fstack-usage -specs=redlib.specs -MMD -MP -MF"drivers/fsl_adc16.d" -MT"drivers/fsl_adc16.o" -MT"drivers/fsl_adc16.d" -o "drivers/fsl_adc16.o" "../drivers/fsl_adc16.c"
Finished building: ../utilities/fsl_str.c
 
 
 
Finished building: ../source/libraries/lpuart0.c
Building file: ../drivers/fsl_clock.c
Building file: ../drivers/fsl_common.c
Finished building: ../source/libraries/lightSensor.c
 
Building file: ../drivers/fsl_common_arm.c
Invoking: MCU C Compiler
arm-none-eabi-gcc -D__REDLIB__ -DCPU_K32L2B31VLH0A -DCPU_K32L2B31VLH0A_cm0plus -DSDK_OS_BAREMETAL -DSDK_DEBUGCONSOLE=0 -DPRINTF_FLOAT_ENABLE=1 -DSDK_DEBUGCONSOLE_UART -DCR_PRINTF_CHAR -DSERIAL_PORT_TYPE_UART=1 -D__MCUXPRESSO -D__USE_CMSIS -DDEBUG -I"C:\Users\gnagu\Documents\Unimag\IoT\labs-diplomado-iot\K32L2B31A_Project\board" -I"C:\Users\gnagu\Documents\Unimag\IoT\labs-diplomado-iot\K32L2B31A_Project\source" -I"C:\Users\gnagu\Documents\Unimag\IoT\labs-diplomado-iot\K32L2B31A_Project\drivers" -I"C:\Users\gnagu\Documents\Unimag\IoT\labs-diplomado-iot\K32L2B31A_Project\CMSIS" -I"C:\Users\gnagu\Documents\Unimag\IoT\labs-diplomado-iot\K32L2B31A_Project\device" -I"C:\Users\gnagu\Documents\Unimag\IoT\labs-diplomado-iot\K32L2B31A_Project\component\serial_manager" -I"C:\Users\gnagu\Documents\Unimag\IoT\labs-diplomado-iot\K32L2B31A_Project\component\uart" -I"C:\Users\gnagu\Documents\Unimag\IoT\labs-diplomado-iot\K32L2B31A_Project\utilities" -I"C:\Users\gnagu\Documents\Unimag\IoT\labs-diplomado-iot\K32L2B31A_Project\component\lists" -I"C:\Users\gnagu\Documents\Unimag\IoT\labs-diplomado-iot\K32L2B31A_Project\source\libraries" -O0 -fno-common -g3 -Wall -c -ffunction-sections -fdata-sections -ffreestanding -fno-builtin -fmerge-constants -fmacro-prefix-map="../drivers/"= -mcpu=cortex-m0plus -mthumb -D__REDLIB__ -fstack-usage -specs=redlib.specs -MMD -MP -MF"drivers/fsl_clock.d" -MT"drivers/fsl_clock.o" -MT"drivers/fsl_clock.d" -o "drivers/fsl_clock.o" "../drivers/fsl_clock.c"
 
Invoking: MCU C Compiler
Building file: ../drivers/fsl_gpio.c
arm-none-eabi-gcc -D__REDLIB__ -DCPU_K32L2B31VLH0A -DCPU_K32L2B31VLH0A_cm0plus -DSDK_OS_BAREMETAL -DSDK_DEBUGCONSOLE=0 -DPRINTF_FLOAT_ENABLE=1 -DSDK_DEBUGCONSOLE_UART -DCR_PRINTF_CHAR -DSERIAL_PORT_TYPE_UART=1 -D__MCUXPRESSO -D__USE_CMSIS -DDEBUG -I"C:\Users\gnagu\Documents\Unimag\IoT\labs-diplomado-iot\K32L2B31A_Project\board" -I"C:\Users\gnagu\Documents\Unimag\IoT\labs-diplomado-iot\K32L2B31A_Project\source" -I"C:\Users\gnagu\Documents\Unimag\IoT\labs-diplomado-iot\K32L2B31A_Project\drivers" -I"C:\Users\gnagu\Documents\Unimag\IoT\labs-diplomado-iot\K32L2B31A_Project\CMSIS" -I"C:\Users\gnagu\Documents\Unimag\IoT\labs-diplomado-iot\K32L2B31A_Project\device" -I"C:\Users\gnagu\Documents\Unimag\IoT\labs-diplomado-iot\K32L2B31A_Project\component\serial_manager" -I"C:\Users\gnagu\Documents\Unimag\IoT\labs-diplomado-iot\K32L2B31A_Project\component\uart" -I"C:\Users\gnagu\Documents\Unimag\IoT\labs-diplomado-iot\K32L2B31A_Project\utilities" -I"C:\Users\gnagu\Documents\Unimag\IoT\labs-diplomado-iot\K32L2B31A_Project\component\lists" -I"C:\Users\gnagu\Documents\Unimag\IoT\labs-diplomado-iot\K32L2B31A_Project\source\libraries" -O0 -fno-common -g3 -Wall -c -ffunction-sections -fdata-sections -ffreestanding -fno-builtin -fmerge-constants -fmacro-prefix-map="../drivers/"= -mcpu=cortex-m0plus -mthumb -D__REDLIB__ -fstack-usage -specs=redlib.specs -MMD -MP -MF"drivers/fsl_common.d" -MT"drivers/fsl_common.o" -MT"drivers/fsl_common.d" -o "drivers/fsl_common.o" "../drivers/fsl_common.c"
Invoking: MCU C Compiler
Building file: ../drivers/fsl_lpuart.c
arm-none-eabi-gcc -D__REDLIB__ -DCPU_K32L2B31VLH0A -DCPU_K32L2B31VLH0A_cm0plus -DSDK_OS_BAREMETAL -DSDK_DEBUGCONSOLE=0 -DPRINTF_FLOAT_ENABLE=1 -DSDK_DEBUGCONSOLE_UART -DCR_PRINTF_CHAR -DSERIAL_PORT_TYPE_UART=1 -D__MCUXPRESSO -D__USE_CMSIS -DDEBUG -I"C:\Users\gnagu\Documents\Unimag\IoT\labs-diplomado-iot\K32L2B31A_Project\board" -I"C:\Users\gnagu\Documents\Unimag\IoT\labs-diplomado-iot\K32L2B31A_Project\source" -I"C:\Users\gnagu\Documents\Unimag\IoT\labs-diplomado-iot\K32L2B31A_Project\drivers" -I"C:\Users\gnagu\Documents\Unimag\IoT\labs-diplomado-iot\K32L2B31A_Project\CMSIS" -I"C:\Users\gnagu\Documents\Unimag\IoT\labs-diplomado-iot\K32L2B31A_Project\device" -I"C:\Users\gnagu\Documents\Unimag\IoT\labs-diplomado-iot\K32L2B31A_Project\component\serial_manager" -I"C:\Users\gnagu\Documents\Unimag\IoT\labs-diplomado-iot\K32L2B31A_Project\component\uart" -I"C:\Users\gnagu\Documents\Unimag\IoT\labs-diplomado-iot\K32L2B31A_Project\utilities" -I"C:\Users\gnagu\Documents\Unimag\IoT\labs-diplomado-iot\K32L2B31A_Project\component\lists" -I"C:\Users\gnagu\Documents\Unimag\IoT\labs-diplomado-iot\K32L2B31A_Project\source\libraries" -O0 -fno-common -g3 -Wall -c -ffunction-sections -fdata-sections -ffreestanding -fno-builtin -fmerge-constants -fmacro-prefix-map="../drivers/"= -mcpu=cortex-m0plus -mthumb -D__REDLIB__ -fstack-usage -specs=redlib.specs -MMD -MP -MF"drivers/fsl_common_arm.d" -MT"drivers/fsl_common_arm.o" -MT"drivers/fsl_common_arm.d" -o "drivers/fsl_common_arm.o" "../drivers/fsl_common_arm.c"
Finished building: ../source/K32L2B31A_Project.c
Invoking: MCU C Compiler
Invoking: MCU C Compiler
arm-none-eabi-gcc -D__REDLIB__ -DCPU_K32L2B31VLH0A -DCPU_K32L2B31VLH0A_cm0plus -DSDK_OS_BAREMETAL -DSDK_DEBUGCONSOLE=0 -DPRINTF_FLOAT_ENABLE=1 -DSDK_DEBUGCONSOLE_UART -DCR_PRINTF_CHAR -DSERIAL_PORT_TYPE_UART=1 -D__MCUXPRESSO -D__USE_CMSIS -DDEBUG -I"C:\Users\gnagu\Documents\Unimag\IoT\labs-diplomado-iot\K32L2B31A_Project\board" -I"C:\Users\gnagu\Documents\Unimag\IoT\labs-diplomado-iot\K32L2B31A_Project\source" -I"C:\Users\gnagu\Documents\Unimag\IoT\labs-diplomado-iot\K32L2B31A_Project\drivers" -I"C:\Users\gnagu\Documents\Unimag\IoT\labs-diplomado-iot\K32L2B31A_Project\CMSIS" -I"C:\Users\gnagu\Documents\Unimag\IoT\labs-diplomado-iot\K32L2B31A_Project\device" -I"C:\Users\gnagu\Documents\Unimag\IoT\labs-diplomado-iot\K32L2B31A_Project\component\serial_manager" -I"C:\Users\gnagu\Documents\Unimag\IoT\labs-diplomado-iot\K32L2B31A_Project\component\uart" -I"C:\Users\gnagu\Documents\Unimag\IoT\labs-diplomado-iot\K32L2B31A_Project\utilities" -I"C:\Users\gnagu\Documents\Unimag\IoT\labs-diplomado-iot\K32L2B31A_Project\component\lists" -I"C:\Users\gnagu\Documents\Unimag\IoT\labs-diplomado-iot\K32L2B31A_Project\source\libraries" -O0 -fno-common -g3 -Wall -c -ffunction-sections -fdata-sections -ffreestanding -fno-builtin -fmerge-constants -fmacro-prefix-map="../drivers/"= -mcpu=cortex-m0plus -mthumb -D__REDLIB__ -fstack-usage -specs=redlib.specs -MMD -MP -MF"drivers/fsl_gpio.d" -MT"drivers/fsl_gpio.o" -MT"drivers/fsl_gpio.d" -o "drivers/fsl_gpio.o" "../drivers/fsl_gpio.c"
 
arm-none-eabi-gcc -D__REDLIB__ -DCPU_K32L2B31VLH0A -DCPU_K32L2B31VLH0A_cm0plus -DSDK_OS_BAREMETAL -DSDK_DEBUGCONSOLE=0 -DPRINTF_FLOAT_ENABLE=1 -DSDK_DEBUGCONSOLE_UART -DCR_PRINTF_CHAR -DSERIAL_PORT_TYPE_UART=1 -D__MCUXPRESSO -D__USE_CMSIS -DDEBUG -I"C:\Users\gnagu\Documents\Unimag\IoT\labs-diplomado-iot\K32L2B31A_Project\board" -I"C:\Users\gnagu\Documents\Unimag\IoT\labs-diplomado-iot\K32L2B31A_Project\source" -I"C:\Users\gnagu\Documents\Unimag\IoT\labs-diplomado-iot\K32L2B31A_Project\drivers" -I"C:\Users\gnagu\Documents\Unimag\IoT\labs-diplomado-iot\K32L2B31A_Project\CMSIS" -I"C:\Users\gnagu\Documents\Unimag\IoT\labs-diplomado-iot\K32L2B31A_Project\device" -I"C:\Users\gnagu\Documents\Unimag\IoT\labs-diplomado-iot\K32L2B31A_Project\component\serial_manager" -I"C:\Users\gnagu\Documents\Unimag\IoT\labs-diplomado-iot\K32L2B31A_Project\component\uart" -I"C:\Users\gnagu\Documents\Unimag\IoT\labs-diplomado-iot\K32L2B31A_Project\utilities" -I"C:\Users\gnagu\Documents\Unimag\IoT\labs-diplomado-iot\K32L2B31A_Project\component\lists" -I"C:\Users\gnagu\Documents\Unimag\IoT\labs-diplomado-iot\K32L2B31A_Project\source\libraries" -O0 -fno-common -g3 -Wall -c -ffunction-sections -fdata-sections -ffreestanding -fno-builtin -fmerge-constants -fmacro-prefix-map="../drivers/"= -mcpu=cortex-m0plus -mthumb -D__REDLIB__ -fstack-usage -specs=redlib.specs -MMD -MP -MF"drivers/fsl_lpuart.d" -MT"drivers/fsl_lpuart.o" -MT"drivers/fsl_lpuart.d" -o "drivers/fsl_lpuart.o" "../drivers/fsl_lpuart.c"
Building file: ../drivers/fsl_smc.c
Finished building: ../source/semihost_hardfault.c
Invoking: MCU C Compiler
arm-none-eabi-gcc -D__REDLIB__ -DCPU_K32L2B31VLH0A -DCPU_K32L2B31VLH0A_cm0plus -DSDK_OS_BAREMETAL -DSDK_DEBUGCONSOLE=0 -DPRINTF_FLOAT_ENABLE=1 -DSDK_DEBUGCONSOLE_UART -DCR_PRINTF_CHAR -DSERIAL_PORT_TYPE_UART=1 -D__MCUXPRESSO -D__USE_CMSIS -DDEBUG -I"C:\Users\gnagu\Documents\Unimag\IoT\labs-diplomado-iot\K32L2B31A_Project\board" -I"C:\Users\gnagu\Documents\Unimag\IoT\labs-diplomado-iot\K32L2B31A_Project\source" -I"C:\Users\gnagu\Documents\Unimag\IoT\labs-diplomado-iot\K32L2B31A_Project\drivers" -I"C:\Users\gnagu\Documents\Unimag\IoT\labs-diplomado-iot\K32L2B31A_Project\CMSIS" -I"C:\Users\gnagu\Documents\Unimag\IoT\labs-diplomado-iot\K32L2B31A_Project\device" -I"C:\Users\gnagu\Documents\Unimag\IoT\labs-diplomado-iot\K32L2B31A_Project\component\serial_manager" -I"C:\Users\gnagu\Documents\Unimag\IoT\labs-diplomado-iot\K32L2B31A_Project\component\uart" -I"C:\Users\gnagu\Documents\Unimag\IoT\labs-diplomado-iot\K32L2B31A_Project\utilities" -I"C:\Users\gnagu\Documents\Unimag\IoT\labs-diplomado-iot\K32L2B31A_Project\component\lists" -I"C:\Users\gnagu\Documents\Unimag\IoT\labs-diplomado-iot\K32L2B31A_Project\source\libraries" -O0 -fno-common -g3 -Wall -c -ffunction-sections -fdata-sections -ffreestanding -fno-builtin -fmerge-constants -fmacro-prefix-map="../drivers/"= -mcpu=cortex-m0plus -mthumb -D__REDLIB__ -fstack-usage -specs=redlib.specs -MMD -MP -MF"drivers/fsl_smc.d" -MT"drivers/fsl_smc.o" -MT"drivers/fsl_smc.d" -o "drivers/fsl_smc.o" "../drivers/fsl_smc.c"
 
Building file: ../drivers/fsl_spi.c
Invoking: MCU C Compiler
arm-none-eabi-gcc -D__REDLIB__ -DCPU_K32L2B31VLH0A -DCPU_K32L2B31VLH0A_cm0plus -DSDK_OS_BAREMETAL -DSDK_DEBUGCONSOLE=0 -DPRINTF_FLOAT_ENABLE=1 -DSDK_DEBUGCONSOLE_UART -DCR_PRINTF_CHAR -DSERIAL_PORT_TYPE_UART=1 -D__MCUXPRESSO -D__USE_CMSIS -DDEBUG -I"C:\Users\gnagu\Documents\Unimag\IoT\labs-diplomado-iot\K32L2B31A_Project\board" -I"C:\Users\gnagu\Documents\Unimag\IoT\labs-diplomado-iot\K32L2B31A_Project\source" -I"C:\Users\gnagu\Documents\Unimag\IoT\labs-diplomado-iot\K32L2B31A_Project\drivers" -I"C:\Users\gnagu\Documents\Unimag\IoT\labs-diplomado-iot\K32L2B31A_Project\CMSIS" -I"C:\Users\gnagu\Documents\Unimag\IoT\labs-diplomado-iot\K32L2B31A_Project\device" -I"C:\Users\gnagu\Documents\Unimag\IoT\labs-diplomado-iot\K32L2B31A_Project\component\serial_manager" -I"C:\Users\gnagu\Documents\Unimag\IoT\labs-diplomado-iot\K32L2B31A_Project\component\uart" -I"C:\Users\gnagu\Documents\Unimag\IoT\labs-diplomado-iot\K32L2B31A_Project\utilities" -I"C:\Users\gnagu\Documents\Unimag\IoT\labs-diplomado-iot\K32L2B31A_Project\component\lists" -I"C:\Users\gnagu\Documents\Unimag\IoT\labs-diplomado-iot\K32L2B31A_Project\source\libraries" -O0 -fno-common -g3 -Wall -c -ffunction-sections -fdata-sections -ffreestanding -fno-builtin -fmerge-constants -fmacro-prefix-map="../drivers/"= -mcpu=cortex-m0plus -mthumb -D__REDLIB__ -fstack-usage -specs=redlib.specs -MMD -MP -MF"drivers/fsl_spi.d" -MT"drivers/fsl_spi.o" -MT"drivers/fsl_spi.d" -o "drivers/fsl_spi.o" "../drivers/fsl_spi.c"
Finished building: ../drivers/fsl_adc16.c
 
Finished building: ../drivers/fsl_clock.c
Finished building: ../drivers/fsl_common.c
Finished building: ../drivers/fsl_common_arm.c
Building file: ../drivers/fsl_uart.c
 
Finished building: ../drivers/fsl_gpio.c
 
 
Invoking: MCU C Compiler
Building file: ../device/system_K32L2B31A.c
arm-none-eabi-gcc -D__REDLIB__ -DCPU_K32L2B31VLH0A -DCPU_K32L2B31VLH0A_cm0plus -DSDK_OS_BAREMETAL -DSDK_DEBUGCONSOLE=0 -DPRINTF_FLOAT_ENABLE=1 -DSDK_DEBUGCONSOLE_UART -DCR_PRINTF_CHAR -DSERIAL_PORT_TYPE_UART=1 -D__MCUXPRESSO -D__USE_CMSIS -DDEBUG -I"C:\Users\gnagu\Documents\Unimag\IoT\labs-diplomado-iot\K32L2B31A_Project\board" -I"C:\Users\gnagu\Documents\Unimag\IoT\labs-diplomado-iot\K32L2B31A_Project\source" -I"C:\Users\gnagu\Documents\Unimag\IoT\labs-diplomado-iot\K32L2B31A_Project\drivers" -I"C:\Users\gnagu\Documents\Unimag\IoT\labs-diplomado-iot\K32L2B31A_Project\CMSIS" -I"C:\Users\gnagu\Documents\Unimag\IoT\labs-diplomado-iot\K32L2B31A_Project\device" -I"C:\Users\gnagu\Documents\Unimag\IoT\labs-diplomado-iot\K32L2B31A_Project\component\serial_manager" -I"C:\Users\gnagu\Documents\Unimag\IoT\labs-diplomado-iot\K32L2B31A_Project\component\uart" -I"C:\Users\gnagu\Documents\Unimag\IoT\labs-diplomado-iot\K32L2B31A_Project\utilities" -I"C:\Users\gnagu\Documents\Unimag\IoT\labs-diplomado-iot\K32L2B31A_Project\component\lists" -I"C:\Users\gnagu\Documents\Unimag\IoT\labs-diplomado-iot\K32L2B31A_Project\source\libraries" -O0 -fno-common -g3 -Wall -c -ffunction-sections -fdata-sections -ffreestanding -fno-builtin -fmerge-constants -fmacro-prefix-map="../drivers/"= -mcpu=cortex-m0plus -mthumb -D__REDLIB__ -fstack-usage -specs=redlib.specs -MMD -MP -MF"drivers/fsl_uart.d" -MT"drivers/fsl_uart.o" -MT"drivers/fsl_uart.d" -o "drivers/fsl_uart.o" "../drivers/fsl_uart.c"
 
Building file: ../component/uart/fsl_adapter_lpuart.c
Invoking: MCU C Compiler
Building file: ../component/serial_manager/fsl_component_serial_manager.c
arm-none-eabi-gcc -D__REDLIB__ -DCPU_K32L2B31VLH0A -DCPU_K32L2B31VLH0A_cm0plus -DSDK_OS_BAREMETAL -DSDK_DEBUGCONSOLE=0 -DPRINTF_FLOAT_ENABLE=1 -DSDK_DEBUGCONSOLE_UART -DCR_PRINTF_CHAR -DSERIAL_PORT_TYPE_UART=1 -D__MCUXPRESSO -D__USE_CMSIS -DDEBUG -I"C:\Users\gnagu\Documents\Unimag\IoT\labs-diplomado-iot\K32L2B31A_Project\board" -I"C:\Users\gnagu\Documents\Unimag\IoT\labs-diplomado-iot\K32L2B31A_Project\source" -I"C:\Users\gnagu\Documents\Unimag\IoT\labs-diplomado-iot\K32L2B31A_Project\drivers" -I"C:\Users\gnagu\Documents\Unimag\IoT\labs-diplomado-iot\K32L2B31A_Project\CMSIS" -I"C:\Users\gnagu\Documents\Unimag\IoT\labs-diplomado-iot\K32L2B31A_Project\device" -I"C:\Users\gnagu\Documents\Unimag\IoT\labs-diplomado-iot\K32L2B31A_Project\component\serial_manager" -I"C:\Users\gnagu\Documents\Unimag\IoT\labs-diplomado-iot\K32L2B31A_Project\component\uart" -I"C:\Users\gnagu\Documents\Unimag\IoT\labs-diplomado-iot\K32L2B31A_Project\utilities" -I"C:\Users\gnagu\Documents\Unimag\IoT\labs-diplomado-iot\K32L2B31A_Project\component\lists" -I"C:\Users\gnagu\Documents\Unimag\IoT\labs-diplomado-iot\K32L2B31A_Project\source\libraries" -O0 -fno-common -g3 -Wall -c -ffunction-sections -fdata-sections -ffreestanding -fno-builtin -fmerge-constants -fmacro-prefix-map="../device/"= -mcpu=cortex-m0plus -mthumb -D__REDLIB__ -fstack-usage -specs=redlib.specs -MMD -MP -MF"device/system_K32L2B31A.d" -MT"device/system_K32L2B31A.o" -MT"device/system_K32L2B31A.d" -o "device/system_K32L2B31A.o" "../device/system_K32L2B31A.c"
Invoking: MCU C Compiler
Building file: ../component/serial_manager/fsl_component_serial_port_uart.c
arm-none-eabi-gcc -D__REDLIB__ -DCPU_K32L2B31VLH0A -DCPU_K32L2B31VLH0A_cm0plus -DSDK_OS_BAREMETAL -DSDK_DEBUGCONSOLE=0 -DPRINTF_FLOAT_ENABLE=1 -DSDK_DEBUGCONSOLE_UART -DCR_PRINTF_CHAR -DSERIAL_PORT_TYPE_UART=1 -D__MCUXPRESSO -D__USE_CMSIS -DDEBUG -I"C:\Users\gnagu\Documents\Unimag\IoT\labs-diplomado-iot\K32L2B31A_Project\board" -I"C:\Users\gnagu\Documents\Unimag\IoT\labs-diplomado-iot\K32L2B31A_Project\source" -I"C:\Users\gnagu\Documents\Unimag\IoT\labs-diplomado-iot\K32L2B31A_Project\drivers" -I"C:\Users\gnagu\Documents\Unimag\IoT\labs-diplomado-iot\K32L2B31A_Project\CMSIS" -I"C:\Users\gnagu\Documents\Unimag\IoT\labs-diplomado-iot\K32L2B31A_Project\device" -I"C:\Users\gnagu\Documents\Unimag\IoT\labs-diplomado-iot\K32L2B31A_Project\component\serial_manager" -I"C:\Users\gnagu\Documents\Unimag\IoT\labs-diplomado-iot\K32L2B31A_Project\component\uart" -I"C:\Users\gnagu\Documents\Unimag\IoT\labs-diplomado-iot\K32L2B31A_Project\utilities" -I"C:\Users\gnagu\Documents\Unimag\IoT\labs-diplomado-iot\K32L2B31A_Project\component\lists" -I"C:\Users\gnagu\Documents\Unimag\IoT\labs-diplomado-iot\K32L2B31A_Project\source\libraries" -O0 -fno-common -g3 -Wall -c -ffunction-sections -fdata-sections -ffreestanding -fno-builtin -fmerge-constants -fmacro-prefix-map="../component/uart/"= -mcpu=cortex-m0plus -mthumb -D__REDLIB__ -fstack-usage -specs=redlib.specs -MMD -MP -MF"component/uart/fsl_adapter_lpuart.d" -MT"component/uart/fsl_adapter_lpuart.o" -MT"component/uart/fsl_adapter_lpuart.d" -o "component/uart/fsl_adapter_lpuart.o" "../component/uart/fsl_adapter_lpuart.c"
Finished building: ../drivers/fsl_smc.c
Invoking: MCU C Compiler
arm-none-eabi-gcc -D__REDLIB__ -DCPU_K32L2B31VLH0A -DCPU_K32L2B31VLH0A_cm0plus -DSDK_OS_BAREMETAL -DSDK_DEBUGCONSOLE=0 -DPRINTF_FLOAT_ENABLE=1 -DSDK_DEBUGCONSOLE_UART -DCR_PRINTF_CHAR -DSERIAL_PORT_TYPE_UART=1 -D__MCUXPRESSO -D__USE_CMSIS -DDEBUG -I"C:\Users\gnagu\Documents\Unimag\IoT\labs-diplomado-iot\K32L2B31A_Project\board" -I"C:\Users\gnagu\Documents\Unimag\IoT\labs-diplomado-iot\K32L2B31A_Project\source" -I"C:\Users\gnagu\Documents\Unimag\IoT\labs-diplomado-iot\K32L2B31A_Project\drivers" -I"C:\Users\gnagu\Documents\Unimag\IoT\labs-diplomado-iot\K32L2B31A_Project\CMSIS" -I"C:\Users\gnagu\Documents\Unimag\IoT\labs-diplomado-iot\K32L2B31A_Project\device" -I"C:\Users\gnagu\Documents\Unimag\IoT\labs-diplomado-iot\K32L2B31A_Project\component\serial_manager" -I"C:\Users\gnagu\Documents\Unimag\IoT\labs-diplomado-iot\K32L2B31A_Project\component\uart" -I"C:\Users\gnagu\Documents\Unimag\IoT\labs-diplomado-iot\K32L2B31A_Project\utilities" -I"C:\Users\gnagu\Documents\Unimag\IoT\labs-diplomado-iot\K32L2B31A_Project\component\lists" -I"C:\Users\gnagu\Documents\Unimag\IoT\labs-diplomado-iot\K32L2B31A_Project\source\libraries" -O0 -fno-common -g3 -Wall -c -ffunction-sections -fdata-sections -ffreestanding -fno-builtin -fmerge-constants -fmacro-prefix-map="../component/serial_manager/"= -mcpu=cortex-m0plus -mthumb -D__REDLIB__ -fstack-usage -specs=redlib.specs -MMD -MP -MF"component/serial_manager/fsl_component_serial_manager.d" -MT"component/serial_manager/fsl_component_serial_manager.o" -MT"component/serial_manager/fsl_component_serial_manager.d" -o "component/serial_manager/fsl_component_serial_manager.o" "../component/serial_manager/fsl_component_serial_manager.c"
Invoking: MCU C Compiler
arm-none-eabi-gcc -D__REDLIB__ -DCPU_K32L2B31VLH0A -DCPU_K32L2B31VLH0A_cm0plus -DSDK_OS_BAREMETAL -DSDK_DEBUGCONSOLE=0 -DPRINTF_FLOAT_ENABLE=1 -DSDK_DEBUGCONSOLE_UART -DCR_PRINTF_CHAR -DSERIAL_PORT_TYPE_UART=1 -D__MCUXPRESSO -D__USE_CMSIS -DDEBUG -I"C:\Users\gnagu\Documents\Unimag\IoT\labs-diplomado-iot\K32L2B31A_Project\board" -I"C:\Users\gnagu\Documents\Unimag\IoT\labs-diplomado-iot\K32L2B31A_Project\source" -I"C:\Users\gnagu\Documents\Unimag\IoT\labs-diplomado-iot\K32L2B31A_Project\drivers" -I"C:\Users\gnagu\Documents\Unimag\IoT\labs-diplomado-iot\K32L2B31A_Project\CMSIS" -I"C:\Users\gnagu\Documents\Unimag\IoT\labs-diplomado-iot\K32L2B31A_Project\device" -I"C:\Users\gnagu\Documents\Unimag\IoT\labs-diplomado-iot\K32L2B31A_Project\component\serial_manager" -I"C:\Users\gnagu\Documents\Unimag\IoT\labs-diplomado-iot\K32L2B31A_Project\component\uart" -I"C:\Users\gnagu\Documents\Unimag\IoT\labs-diplomado-iot\K32L2B31A_Project\utilities" -I"C:\Users\gnagu\Documents\Unimag\IoT\labs-diplomado-iot\K32L2B31A_Project\component\lists" -I"C:\Users\gnagu\Documents\Unimag\IoT\labs-diplomado-iot\K32L2B31A_Project\source\libraries" -O0 -fno-common -g3 -Wall -c -ffunction-sections -fdata-sections -ffreestanding -fno-builtin -fmerge-constants -fmacro-prefix-map="../component/serial_manager/"= -mcpu=cortex-m0plus -mthumb -D__REDLIB__ -fstack-usage -specs=redlib.specs -MMD -MP -MF"component/serial_manager/fsl_component_serial_port_uart.d" -MT"component/serial_manager/fsl_component_serial_port_uart.o" -MT"component/serial_manager/fsl_component_serial_port_uart.d" -o "component/serial_manager/fsl_component_serial_port_uart.o" "../component/serial_manager/fsl_component_serial_port_uart.c"
 
Building file: ../component/lists/fsl_component_generic_list.c
Finished building: ../drivers/fsl_lpuart.c
Invoking: MCU C Compiler
arm-none-eabi-gcc -D__REDLIB__ -DCPU_K32L2B31VLH0A -DCPU_K32L2B31VLH0A_cm0plus -DSDK_OS_BAREMETAL -DSDK_DEBUGCONSOLE=0 -DPRINTF_FLOAT_ENABLE=1 -DSDK_DEBUGCONSOLE_UART -DCR_PRINTF_CHAR -DSERIAL_PORT_TYPE_UART=1 -D__MCUXPRESSO -D__USE_CMSIS -DDEBUG -I"C:\Users\gnagu\Documents\Unimag\IoT\labs-diplomado-iot\K32L2B31A_Project\board" -I"C:\Users\gnagu\Documents\Unimag\IoT\labs-diplomado-iot\K32L2B31A_Project\source" -I"C:\Users\gnagu\Documents\Unimag\IoT\labs-diplomado-iot\K32L2B31A_Project\drivers" -I"C:\Users\gnagu\Documents\Unimag\IoT\labs-diplomado-iot\K32L2B31A_Project\CMSIS" -I"C:\Users\gnagu\Documents\Unimag\IoT\labs-diplomado-iot\K32L2B31A_Project\device" -I"C:\Users\gnagu\Documents\Unimag\IoT\labs-diplomado-iot\K32L2B31A_Project\component\serial_manager" -I"C:\Users\gnagu\Documents\Unimag\IoT\labs-diplomado-iot\K32L2B31A_Project\component\uart" -I"C:\Users\gnagu\Documents\Unimag\IoT\labs-diplomado-iot\K32L2B31A_Project\utilities" -I"C:\Users\gnagu\Documents\Unimag\IoT\labs-diplomado-iot\K32L2B31A_Project\component\lists" -I"C:\Users\gnagu\Documents\Unimag\IoT\labs-diplomado-iot\K32L2B31A_Project\source\libraries" -O0 -fno-common -g3 -Wall -c -ffunction-sections -fdata-sections -ffreestanding -fno-builtin -fmerge-constants -fmacro-prefix-map="../component/lists/"= -mcpu=cortex-m0plus -mthumb -D__REDLIB__ -fstack-usage -specs=redlib.specs -MMD -MP -MF"component/lists/fsl_component_generic_list.d" -MT"component/lists/fsl_component_generic_list.o" -MT"component/lists/fsl_component_generic_list.d" -o "component/lists/fsl_component_generic_list.o" "../component/lists/fsl_component_generic_list.c"
 
Building file: ../board/board.c
Invoking: MCU C Compiler
arm-none-eabi-gcc -D__REDLIB__ -DCPU_K32L2B31VLH0A -DCPU_K32L2B31VLH0A_cm0plus -DSDK_OS_BAREMETAL -DSDK_DEBUGCONSOLE=0 -DPRINTF_FLOAT_ENABLE=1 -DSDK_DEBUGCONSOLE_UART -DCR_PRINTF_CHAR -DSERIAL_PORT_TYPE_UART=1 -D__MCUXPRESSO -D__USE_CMSIS -DDEBUG -I"C:\Users\gnagu\Documents\Unimag\IoT\labs-diplomado-iot\K32L2B31A_Project\board" -I"C:\Users\gnagu\Documents\Unimag\IoT\labs-diplomado-iot\K32L2B31A_Project\source" -I"C:\Users\gnagu\Documents\Unimag\IoT\labs-diplomado-iot\K32L2B31A_Project\drivers" -I"C:\Users\gnagu\Documents\Unimag\IoT\labs-diplomado-iot\K32L2B31A_Project\CMSIS" -I"C:\Users\gnagu\Documents\Unimag\IoT\labs-diplomado-iot\K32L2B31A_Project\device" -I"C:\Users\gnagu\Documents\Unimag\IoT\labs-diplomado-iot\K32L2B31A_Project\component\serial_manager" -I"C:\Users\gnagu\Documents\Unimag\IoT\labs-diplomado-iot\K32L2B31A_Project\component\uart" -I"C:\Users\gnagu\Documents\Unimag\IoT\labs-diplomado-iot\K32L2B31A_Project\utilities" -I"C:\Users\gnagu\Documents\Unimag\IoT\labs-diplomado-iot\K32L2B31A_Project\component\lists" -I"C:\Users\gnagu\Documents\Unimag\IoT\labs-diplomado-iot\K32L2B31A_Project\source\libraries" -O0 -fno-common -g3 -Wall -c -ffunction-sections -fdata-sections -ffreestanding -fno-builtin -fmerge-constants -fmacro-prefix-map="../board/"= -mcpu=cortex-m0plus -mthumb -D__REDLIB__ -fstack-usage -specs=redlib.specs -MMD -MP -MF"board/board.d" -MT"board/board.o" -MT"board/board.d" -o "board/board.o" "../board/board.c"
Finished building: ../drivers/fsl_spi.c
 
Building file: ../board/clock_config.c
Finished building: ../device/system_K32L2B31A.c
Invoking: MCU C Compiler
Finished building: ../component/uart/fsl_adapter_lpuart.c
arm-none-eabi-gcc -D__REDLIB__ -DCPU_K32L2B31VLH0A -DCPU_K32L2B31VLH0A_cm0plus -DSDK_OS_BAREMETAL -DSDK_DEBUGCONSOLE=0 -DPRINTF_FLOAT_ENABLE=1 -DSDK_DEBUGCONSOLE_UART -DCR_PRINTF_CHAR -DSERIAL_PORT_TYPE_UART=1 -D__MCUXPRESSO -D__USE_CMSIS -DDEBUG -I"C:\Users\gnagu\Documents\Unimag\IoT\labs-diplomado-iot\K32L2B31A_Project\board" -I"C:\Users\gnagu\Documents\Unimag\IoT\labs-diplomado-iot\K32L2B31A_Project\source" -I"C:\Users\gnagu\Documents\Unimag\IoT\labs-diplomado-iot\K32L2B31A_Project\drivers" -I"C:\Users\gnagu\Documents\Unimag\IoT\labs-diplomado-iot\K32L2B31A_Project\CMSIS" -I"C:\Users\gnagu\Documents\Unimag\IoT\labs-diplomado-iot\K32L2B31A_Project\device" -I"C:\Users\gnagu\Documents\Unimag\IoT\labs-diplomado-iot\K32L2B31A_Project\component\serial_manager" -I"C:\Users\gnagu\Documents\Unimag\IoT\labs-diplomado-iot\K32L2B31A_Project\component\uart" -I"C:\Users\gnagu\Documents\Unimag\IoT\labs-diplomado-iot\K32L2B31A_Project\utilities" -I"C:\Users\gnagu\Documents\Unimag\IoT\labs-diplomado-iot\K32L2B31A_Project\component\lists" -I"C:\Users\gnagu\Documents\Unimag\IoT\labs-diplomado-iot\K32L2B31A_Project\source\libraries" -O0 -fno-common -g3 -Wall -c -ffunction-sections -fdata-sections -ffreestanding -fno-builtin -fmerge-constants -fmacro-prefix-map="../board/"= -mcpu=cortex-m0plus -mthumb -D__REDLIB__ -fstack-usage -specs=redlib.specs -MMD -MP -MF"board/clock_config.d" -MT"board/clock_config.o" -MT"board/clock_config.d" -o "board/clock_config.o" "../board/clock_config.c"
Finished building: ../component/serial_manager/fsl_component_serial_port_uart.c
 
 
 
Finished building: ../drivers/fsl_uart.c
Building file: ../board/peripherals.c
Finished building: ../component/serial_manager/fsl_component_serial_manager.c
Building file: ../board/pin_mux.c
 
Invoking: MCU C Compiler
arm-none-eabi-gcc -D__REDLIB__ -DCPU_K32L2B31VLH0A -DCPU_K32L2B31VLH0A_cm0plus -DSDK_OS_BAREMETAL -DSDK_DEBUGCONSOLE=0 -DPRINTF_FLOAT_ENABLE=1 -DSDK_DEBUGCONSOLE_UART -DCR_PRINTF_CHAR -DSERIAL_PORT_TYPE_UART=1 -D__MCUXPRESSO -D__USE_CMSIS -DDEBUG -I"C:\Users\gnagu\Documents\Unimag\IoT\labs-diplomado-iot\K32L2B31A_Project\board" -I"C:\Users\gnagu\Documents\Unimag\IoT\labs-diplomado-iot\K32L2B31A_Project\source" -I"C:\Users\gnagu\Documents\Unimag\IoT\labs-diplomado-iot\K32L2B31A_Project\drivers" -I"C:\Users\gnagu\Documents\Unimag\IoT\labs-diplomado-iot\K32L2B31A_Project\CMSIS" -I"C:\Users\gnagu\Documents\Unimag\IoT\labs-diplomado-iot\K32L2B31A_Project\device" -I"C:\Users\gnagu\Documents\Unimag\IoT\labs-diplomado-iot\K32L2B31A_Project\component\serial_manager" -I"C:\Users\gnagu\Documents\Unimag\IoT\labs-diplomado-iot\K32L2B31A_Project\component\uart" -I"C:\Users\gnagu\Documents\Unimag\IoT\labs-diplomado-iot\K32L2B31A_Project\utilities" -I"C:\Users\gnagu\Documents\Unimag\IoT\labs-diplomado-iot\K32L2B31A_Project\component\lists" -I"C:\Users\gnagu\Documents\Unimag\IoT\labs-diplomado-iot\K32L2B31A_Project\source\libraries" -O0 -fno-common -g3 -Wall -c -ffunction-sections -fdata-sections -ffreestanding -fno-builtin -fmerge-constants -fmacro-prefix-map="../board/"= -mcpu=cortex-m0plus -mthumb -D__REDLIB__ -fstack-usage -specs=redlib.specs -MMD -MP -MF"board/peripherals.d" -MT"board/peripherals.o" -MT"board/peripherals.d" -o "board/peripherals.o" "../board/peripherals.c"
Invoking: MCU C Compiler
arm-none-eabi-gcc -D__REDLIB__ -DCPU_K32L2B31VLH0A -DCPU_K32L2B31VLH0A_cm0plus -DSDK_OS_BAREMETAL -DSDK_DEBUGCONSOLE=0 -DPRINTF_FLOAT_ENABLE=1 -DSDK_DEBUGCONSOLE_UART -DCR_PRINTF_CHAR -DSERIAL_PORT_TYPE_UART=1 -D__MCUXPRESSO -D__USE_CMSIS -DDEBUG -I"C:\Users\gnagu\Documents\Unimag\IoT\labs-diplomado-iot\K32L2B31A_Project\board" -I"C:\Users\gnagu\Documents\Unimag\IoT\labs-diplomado-iot\K32L2B31A_Project\source" -I"C:\Users\gnagu\Documents\Unimag\IoT\labs-diplomado-iot\K32L2B31A_Project\drivers" -I"C:\Users\gnagu\Documents\Unimag\IoT\labs-diplomado-iot\K32L2B31A_Project\CMSIS" -I"C:\Users\gnagu\Documents\Unimag\IoT\labs-diplomado-iot\K32L2B31A_Project\device" -I"C:\Users\gnagu\Documents\Unimag\IoT\labs-diplomado-iot\K32L2B31A_Project\component\serial_manager" -I"C:\Users\gnagu\Documents\Unimag\IoT\labs-diplomado-iot\K32L2B31A_Project\component\uart" -I"C:\Users\gnagu\Documents\Unimag\IoT\labs-diplomado-iot\K32L2B31A_Project\utilities" -I"C:\Users\gnagu\Documents\Unimag\IoT\labs-diplomado-iot\K32L2B31A_Project\component\lists" -I"C:\Users\gnagu\Documents\Unimag\IoT\labs-diplomado-iot\K32L2B31A_Project\source\libraries" -O0 -fno-common -g3 -Wall -c -ffunction-sections -fdata-sections -ffreestanding -fno-builtin -fmerge-constants -fmacro-prefix-map="../board/"= -mcpu=cortex-m0plus -mthumb -D__REDLIB__ -fstack-usage -specs=redlib.specs -MMD -MP -MF"board/pin_mux.d" -MT"board/pin_mux.o" -MT"board/pin_mux.d" -o "board/pin_mux.o" "../board/pin_mux.c"
 
Finished building: ../component/lists/fsl_component_generic_list.c
 
Finished building: ../board/board.c
 
Finished building: ../board/clock_config.c
 
Finished building: ../board/pin_mux.c
Finished building: ../board/peripherals.c
 
 
Building target: K32L2B31A_Project.axf
Invoking: MCU Linker
arm-none-eabi-gcc -nostdlib -Xlinker -Map="K32L2B31A_Project.map" -Xlinker --gc-sections -Xlinker -print-memory-usage -Xlinker --sort-section=alignment -Xlinker --cref -mcpu=cortex-m0plus -mthumb -T K32L2B31A_Project_Debug.ld -o "K32L2B31A_Project.axf" ./utilities/fsl_debug_console.o ./utilities/fsl_str.o  ./startup/startup_k32l2b31a.o  ./source/libraries/leds.o ./source/libraries/lightSensor.o ./source/libraries/lpuart0.o  ./source/K32L2B31A_Project.o ./source/mtb.o ./source/semihost_hardfault.o  ./drivers/fsl_adc16.o ./drivers/fsl_clock.o ./drivers/fsl_common.o ./drivers/fsl_common_arm.o ./drivers/fsl_gpio.o ./drivers/fsl_lpuart.o ./drivers/fsl_smc.o ./drivers/fsl_spi.o ./drivers/fsl_uart.o  ./device/system_K32L2B31A.o  ./component/uart/fsl_adapter_lpuart.o  ./component/serial_manager/fsl_component_serial_manager.o ./component/serial_manager/fsl_component_serial_port_uart.o  ./component/lists/fsl_component_generic_list.o  ./board/board.o ./board/clock_config.o ./board/peripherals.o ./board/pin_mux.o   
Memory region         Used Size  Region Size  %age Used
   PROGRAM_FLASH:       21572 B       256 KB      8.23%
            SRAM:        4772 B        32 KB     14.56%
Finished building target: K32L2B31A_Project.axf
 
Performing post-build steps
arm-none-eabi-size "K32L2B31A_Project.axf"; # arm-none-eabi-objcopy -v -O binary "K32L2B31A_Project.axf" "K32L2B31A_Project.bin" ; # checksum -p K32L2B31xxxxA -d "K32L2B31A_Project.bin";
   text	   data	    bss	    dec	    hex	filename
  21516	     56	   4716	  26288	   66b0	K32L2B31A_Project.axf
 
01:28:22 **** Incremental Build of configuration Debug for project K32L2B31A_Project ****
make -r -j8 all 
make[1]: Nothing to be done for 'main-build'.
Performing post-build steps
arm-none-eabi-size "K32L2B31A_Project.axf"; # arm-none-eabi-objcopy -v -O binary "K32L2B31A_Project.axf" "K32L2B31A_Project.bin" ; # checksum -p K32L2B31xxxxA -d "K32L2B31A_Project.bin";
   text	   data	    bss	    dec	    hex	filename
  21516	     56	   4716	  26288	   66b0	K32L2B31A_Project.axf
 
01:32:22 **** Incremental Build of configuration Debug for project K32L2B31A_Project ****
make -r -j8 all 
Building file: ../source/K32L2B31A_Project.c
Invoking: MCU C Compiler
arm-none-eabi-gcc -D__REDLIB__ -DCPU_K32L2B31VLH0A -DCPU_K32L2B31VLH0A_cm0plus -DSDK_OS_BAREMETAL -DSDK_DEBUGCONSOLE=0 -DPRINTF_FLOAT_ENABLE=1 -DSDK_DEBUGCONSOLE_UART -DCR_PRINTF_CHAR -DSERIAL_PORT_TYPE_UART=1 -D__MCUXPRESSO -D__USE_CMSIS -DDEBUG -I"C:\Users\gnagu\Documents\Unimag\IoT\labs-diplomado-iot\K32L2B31A_Project\board" -I"C:\Users\gnagu\Documents\Unimag\IoT\labs-diplomado-iot\K32L2B31A_Project\source" -I"C:\Users\gnagu\Documents\Unimag\IoT\labs-diplomado-iot\K32L2B31A_Project\drivers" -I"C:\Users\gnagu\Documents\Unimag\IoT\labs-diplomado-iot\K32L2B31A_Project\CMSIS" -I"C:\Users\gnagu\Documents\Unimag\IoT\labs-diplomado-iot\K32L2B31A_Project\device" -I"C:\Users\gnagu\Documents\Unimag\IoT\labs-diplomado-iot\K32L2B31A_Project\component\serial_manager" -I"C:\Users\gnagu\Documents\Unimag\IoT\labs-diplomado-iot\K32L2B31A_Project\component\uart" -I"C:\Users\gnagu\Documents\Unimag\IoT\labs-diplomado-iot\K32L2B31A_Project\utilities" -I"C:\Users\gnagu\Documents\Unimag\IoT\labs-diplomado-iot\K32L2B31A_Project\component\lists" -I"C:\Users\gnagu\Documents\Unimag\IoT\labs-diplomado-iot\K32L2B31A_Project\source\libraries" -O0 -fno-common -g3 -Wall -c -ffunction-sections -fdata-sections -ffreestanding -fno-builtin -fmerge-constants -fmacro-prefix-map="../source/"= -mcpu=cortex-m0plus -mthumb -D__REDLIB__ -fstack-usage -specs=redlib.specs -MMD -MP -MF"source/K32L2B31A_Project.d" -MT"source/K32L2B31A_Project.o" -MT"source/K32L2B31A_Project.d" -o "source/K32L2B31A_Project.o" "../source/K32L2B31A_Project.c"
../source/K32L2B31A_Project.c: In function 'write_response_msg':
../source/K32L2B31A_Project.c:128:13: warning: pointer targets in passing argument 1 of 'strstr' differ in signedness [-Wpointer-sign]
  128 |  if (strstr(response, success_msg)) {
      |             ^~~~~~~~
      |             |
      |             uint8_t * {aka unsigned char *}
In file included from C:\Users\gnagu\Documents\Unimag\IoT\labs-diplomado-iot\K32L2B31A_Project\drivers/fsl_common.h:15,
                 from C:\Users\gnagu\Documents\Unimag\IoT\labs-diplomado-iot\K32L2B31A_Project\board/clock_config.h:9,
                 from C:\Users\gnagu\Documents\Unimag\IoT\labs-diplomado-iot\K32L2B31A_Project\board/board.h:11,
                 from ../source/K32L2B31A_Project.c:15:
c:\nxp\mcuxpressoide_11.6.1_8255\ide\plugins\com.nxp.mcuxpresso.tools.win32_11.6.1.202207200623\tools\redlib\include\string.h:57:33: note: expected 'const char *' but argument is of type 'uint8_t *' {aka 'unsigned char *'}
   57 | extern char *strstr(const char *__s1, const char *__s2);
      |                     ~~~~~~~~~~~~^~~~
../source/K32L2B31A_Project.c: In function 'main':
../source/K32L2B31A_Project.c:202:24: warning: passing argument 2 of 'write_response_msg' discards 'const' qualifier from pointer target type [-Wdiscarded-qualifiers]
  202 |       ec25_responses_at[CMD_AT_ATI_Display_Product_Identification_Information],
      |       ~~~~~~~~~~~~~~~~~^~~~~~~~~~~~~~~~~~~~~~~~~~~~~~~~~~~~~~~~~~~~~~~~~~~~~~~
../source/K32L2B31A_Project.c:116:50: note: expected 'char *' but argument is of type 'const char *'
  116 | void write_response_msg(uint8_t *response, char *success_msg, char *error_msg) {
      |                                            ~~~~~~^~~~~~~~~~~
../source/K32L2B31A_Project.c:203:24: warning: passing argument 3 of 'write_response_msg' discards 'const' qualifier from pointer target type [-Wdiscarded-qualifiers]
  203 |       ec25_responses_at[ERROR]);
      |       ~~~~~~~~~~~~~~~~~^~~~~~~
../source/K32L2B31A_Project.c:116:69: note: expected 'char *' but argument is of type 'const char *'
  116 | void write_response_msg(uint8_t *response, char *success_msg, char *error_msg) {
      |                                                               ~~~~~~^~~~~~~~~
../source/K32L2B31A_Project.c:218:24: warning: passing argument 2 of 'write_response_msg' discards 'const' qualifier from pointer target type [-Wdiscarded-qualifiers]
  218 |       ec25_responses_at[CMD_AT_AT_GMI_Request_Manufacturer_Identification],
      |       ~~~~~~~~~~~~~~~~~^~~~~~~~~~~~~~~~~~~~~~~~~~~~~~~~~~~~~~~~~~~~~~~~~~~
../source/K32L2B31A_Project.c:116:50: note: expected 'char *' but argument is of type 'const char *'
  116 | void write_response_msg(uint8_t *response, char *success_msg, char *error_msg) {
      |                                            ~~~~~~^~~~~~~~~~~
../source/K32L2B31A_Project.c:219:24: warning: passing argument 3 of 'write_response_msg' discards 'const' qualifier from pointer target type [-Wdiscarded-qualifiers]
  219 |       ec25_responses_at[ERROR]);
      |       ~~~~~~~~~~~~~~~~~^~~~~~~
../source/K32L2B31A_Project.c:116:69: note: expected 'char *' but argument is of type 'const char *'
  116 | void write_response_msg(uint8_t *response, char *success_msg, char *error_msg) {
      |                                                               ~~~~~~^~~~~~~~~
../source/K32L2B31A_Project.c:233:24: warning: passing argument 2 of 'write_response_msg' discards 'const' qualifier from pointer target type [-Wdiscarded-qualifiers]
  233 |       ec25_responses_at[CMD_AT_AT_GMM_Request_TA_Model_Identification],
      |       ~~~~~~~~~~~~~~~~~^~~~~~~~~~~~~~~~~~~~~~~~~~~~~~~~~~~~~~~~~~~~~~~
../source/K32L2B31A_Project.c:116:50: note: expected 'char *' but argument is of type 'const char *'
  116 | void write_response_msg(uint8_t *response, char *success_msg, char *error_msg) {
      |                                            ~~~~~~^~~~~~~~~~~
../source/K32L2B31A_Project.c:234:24: warning: passing argument 3 of 'write_response_msg' discards 'const' qualifier from pointer target type [-Wdiscarded-qualifiers]
  234 |       ec25_responses_at[ERROR]);
      |       ~~~~~~~~~~~~~~~~~^~~~~~~
../source/K32L2B31A_Project.c:116:69: note: expected 'char *' but argument is of type 'const char *'
  116 | void write_response_msg(uint8_t *response, char *success_msg, char *error_msg) {
      |                                                               ~~~~~~^~~~~~~~~
../source/K32L2B31A_Project.c:249:24: warning: passing argument 2 of 'write_response_msg' discards 'const' qualifier from pointer target type [-Wdiscarded-qualifiers]
[...]
Finished building: ../drivers/fsl_adc16.c
 
Finished building: ../drivers/fsl_clock.c
Building file: ../drivers/fsl_uart.c
Finished building: ../drivers/fsl_common.c
Finished building: ../drivers/fsl_common_arm.c
Invoking: MCU C Compiler
Finished building: ../drivers/fsl_gpio.c
 
 
arm-none-eabi-gcc -D__REDLIB__ -DCPU_K32L2B31VLH0A -DCPU_K32L2B31VLH0A_cm0plus -DSDK_OS_BAREMETAL -DSDK_DEBUGCONSOLE=0 -DPRINTF_FLOAT_ENABLE=1 -DSDK_DEBUGCONSOLE_UART -DCR_PRINTF_CHAR -DSERIAL_PORT_TYPE_UART=1 -D__MCUXPRESSO -D__USE_CMSIS -DDEBUG -I"C:\Users\gnagu\Documents\Unimag\IoT\labs-diplomado-iot\K32L2B31A_Project\board" -I"C:\Users\gnagu\Documents\Unimag\IoT\labs-diplomado-iot\K32L2B31A_Project\source" -I"C:\Users\gnagu\Documents\Unimag\IoT\labs-diplomado-iot\K32L2B31A_Project\drivers" -I"C:\Users\gnagu\Documents\Unimag\IoT\labs-diplomado-iot\K32L2B31A_Project\CMSIS" -I"C:\Users\gnagu\Documents\Unimag\IoT\labs-diplomado-iot\K32L2B31A_Project\device" -I"C:\Users\gnagu\Documents\Unimag\IoT\labs-diplomado-iot\K32L2B31A_Project\component\serial_manager" -I"C:\Users\gnagu\Documents\Unimag\IoT\labs-diplomado-iot\K32L2B31A_Project\component\uart" -I"C:\Users\gnagu\Documents\Unimag\IoT\labs-diplomado-iot\K32L2B31A_Project\utilities" -I"C:\Users\gnagu\Documents\Unimag\IoT\labs-diplomado-iot\K32L2B31A_Project\component\lists" -I"C:\Users\gnagu\Documents\Unimag\IoT\labs-diplomado-iot\K32L2B31A_Project\source\libraries" -O0 -fno-common -g3 -Wall -c -ffunction-sections -fdata-sections -ffreestanding -fno-builtin -fmerge-constants -fmacro-prefix-map="../drivers/"= -mcpu=cortex-m0plus -mthumb -D__REDLIB__ -fstack-usage -specs=redlib.specs -MMD -MP -MF"drivers/fsl_uart.d" -MT"drivers/fsl_uart.o" -MT"drivers/fsl_uart.d" -o "drivers/fsl_uart.o" "../drivers/fsl_uart.c"
 
 
Building file: ../device/system_K32L2B31A.c
Building file: ../component/uart/fsl_adapter_lpuart.c
Invoking: MCU C Compiler
arm-none-eabi-gcc -D__REDLIB__ -DCPU_K32L2B31VLH0A -DCPU_K32L2B31VLH0A_cm0plus -DSDK_OS_BAREMETAL -DSDK_DEBUGCONSOLE=0 -DPRINTF_FLOAT_ENABLE=1 -DSDK_DEBUGCONSOLE_UART -DCR_PRINTF_CHAR -DSERIAL_PORT_TYPE_UART=1 -D__MCUXPRESSO -D__USE_CMSIS -DDEBUG -I"C:\Users\gnagu\Documents\Unimag\IoT\labs-diplomado-iot\K32L2B31A_Project\board" -I"C:\Users\gnagu\Documents\Unimag\IoT\labs-diplomado-iot\K32L2B31A_Project\source" -I"C:\Users\gnagu\Documents\Unimag\IoT\labs-diplomado-iot\K32L2B31A_Project\drivers" -I"C:\Users\gnagu\Documents\Unimag\IoT\labs-diplomado-iot\K32L2B31A_Project\CMSIS" -I"C:\Users\gnagu\Documents\Unimag\IoT\labs-diplomado-iot\K32L2B31A_Project\device" -I"C:\Users\gnagu\Documents\Unimag\IoT\labs-diplomado-iot\K32L2B31A_Project\component\serial_manager" -I"C:\Users\gnagu\Documents\Unimag\IoT\labs-diplomado-iot\K32L2B31A_Project\component\uart" -I"C:\Users\gnagu\Documents\Unimag\IoT\labs-diplomado-iot\K32L2B31A_Project\utilities" -I"C:\Users\gnagu\Documents\Unimag\IoT\labs-diplomado-iot\K32L2B31A_Project\component\lists" -I"C:\Users\gnagu\Documents\Unimag\IoT\labs-diplomado-iot\K32L2B31A_Project\source\libraries" -O0 -fno-common -g3 -Wall -c -ffunction-sections -fdata-sections -ffreestanding -fno-builtin -fmerge-constants -fmacro-prefix-map="../device/"= -mcpu=cortex-m0plus -mthumb -D__REDLIB__ -fstack-usage -specs=redlib.specs -MMD -MP -MF"device/system_K32L2B31A.d" -MT"device/system_K32L2B31A.o" -MT"device/system_K32L2B31A.d" -o "device/system_K32L2B31A.o" "../device/system_K32L2B31A.c"
Building file: ../component/serial_manager/fsl_component_serial_manager.c
Building file: ../component/serial_manager/fsl_component_serial_port_uart.c
Invoking: MCU C Compiler
arm-none-eabi-gcc -D__REDLIB__ -DCPU_K32L2B31VLH0A -DCPU_K32L2B31VLH0A_cm0plus -DSDK_OS_BAREMETAL -DSDK_DEBUGCONSOLE=0 -DPRINTF_FLOAT_ENABLE=1 -DSDK_DEBUGCONSOLE_UART -DCR_PRINTF_CHAR -DSERIAL_PORT_TYPE_UART=1 -D__MCUXPRESSO -D__USE_CMSIS -DDEBUG -I"C:\Users\gnagu\Documents\Unimag\IoT\labs-diplomado-iot\K32L2B31A_Project\board" -I"C:\Users\gnagu\Documents\Unimag\IoT\labs-diplomado-iot\K32L2B31A_Project\source" -I"C:\Users\gnagu\Documents\Unimag\IoT\labs-diplomado-iot\K32L2B31A_Project\drivers" -I"C:\Users\gnagu\Documents\Unimag\IoT\labs-diplomado-iot\K32L2B31A_Project\CMSIS" -I"C:\Users\gnagu\Documents\Unimag\IoT\labs-diplomado-iot\K32L2B31A_Project\device" -I"C:\Users\gnagu\Documents\Unimag\IoT\labs-diplomado-iot\K32L2B31A_Project\component\serial_manager" -I"C:\Users\gnagu\Documents\Unimag\IoT\labs-diplomado-iot\K32L2B31A_Project\component\uart" -I"C:\Users\gnagu\Documents\Unimag\IoT\labs-diplomado-iot\K32L2B31A_Project\utilities" -I"C:\Users\gnagu\Documents\Unimag\IoT\labs-diplomado-iot\K32L2B31A_Project\component\lists" -I"C:\Users\gnagu\Documents\Unimag\IoT\labs-diplomado-iot\K32L2B31A_Project\source\libraries" -O0 -fno-common -g3 -Wall -c -ffunction-sections -fdata-sections -ffreestanding -fno-builtin -fmerge-constants -fmacro-prefix-map="../component/uart/"= -mcpu=cortex-m0plus -mthumb -D__REDLIB__ -fstack-usage -specs=redlib.specs -MMD -MP -MF"component/uart/fsl_adapter_lpuart.d" -MT"component/uart/fsl_adapter_lpuart.o" -MT"component/uart/fsl_adapter_lpuart.d" -o "component/uart/fsl_adapter_lpuart.o" "../component/uart/fsl_adapter_lpuart.c"
Invoking: MCU C Compiler
Invoking: MCU C Compiler
arm-none-eabi-gcc -D__REDLIB__ -DCPU_K32L2B31VLH0A -DCPU_K32L2B31VLH0A_cm0plus -DSDK_OS_BAREMETAL -DSDK_DEBUGCONSOLE=0 -DPRINTF_FLOAT_ENABLE=1 -DSDK_DEBUGCONSOLE_UART -DCR_PRINTF_CHAR -DSERIAL_PORT_TYPE_UART=1 -D__MCUXPRESSO -D__USE_CMSIS -DDEBUG -I"C:\Users\gnagu\Documents\Unimag\IoT\labs-diplomado-iot\K32L2B31A_Project\board" -I"C:\Users\gnagu\Documents\Unimag\IoT\labs-diplomado-iot\K32L2B31A_Project\source" -I"C:\Users\gnagu\Documents\Unimag\IoT\labs-diplomado-iot\K32L2B31A_Project\drivers" -I"C:\Users\gnagu\Documents\Unimag\IoT\labs-diplomado-iot\K32L2B31A_Project\CMSIS" -I"C:\Users\gnagu\Documents\Unimag\IoT\labs-diplomado-iot\K32L2B31A_Project\device" -I"C:\Users\gnagu\Documents\Unimag\IoT\labs-diplomado-iot\K32L2B31A_Project\component\serial_manager" -I"C:\Users\gnagu\Documents\Unimag\IoT\labs-diplomado-iot\K32L2B31A_Project\component\uart" -I"C:\Users\gnagu\Documents\Unimag\IoT\labs-diplomado-iot\K32L2B31A_Project\utilities" -I"C:\Users\gnagu\Documents\Unimag\IoT\labs-diplomado-iot\K32L2B31A_Project\component\lists" -I"C:\Users\gnagu\Documents\Unimag\IoT\labs-diplomado-iot\K32L2B31A_Project\source\libraries" -O0 -fno-common -g3 -Wall -c -ffunction-sections -fdata-sections -ffreestanding -fno-builtin -fmerge-constants -fmacro-prefix-map="../component/serial_manager/"= -mcpu=cortex-m0plus -mthumb -D__REDLIB__ -fstack-usage -specs=redlib.specs -MMD -MP -MF"component/serial_manager/fsl_component_serial_port_uart.d" -MT"component/serial_manager/fsl_component_serial_port_uart.o" -MT"component/serial_manager/fsl_component_serial_port_uart.d" -o "component/serial_manager/fsl_component_serial_port_uart.o" "../component/serial_manager/fsl_component_serial_port_uart.c"
arm-none-eabi-gcc -D__REDLIB__ -DCPU_K32L2B31VLH0A -DCPU_K32L2B31VLH0A_cm0plus -DSDK_OS_BAREMETAL -DSDK_DEBUGCONSOLE=0 -DPRINTF_FLOAT_ENABLE=1 -DSDK_DEBUGCONSOLE_UART -DCR_PRINTF_CHAR -DSERIAL_PORT_TYPE_UART=1 -D__MCUXPRESSO -D__USE_CMSIS -DDEBUG -I"C:\Users\gnagu\Documents\Unimag\IoT\labs-diplomado-iot\K32L2B31A_Project\board" -I"C:\Users\gnagu\Documents\Unimag\IoT\labs-diplomado-iot\K32L2B31A_Project\source" -I"C:\Users\gnagu\Documents\Unimag\IoT\labs-diplomado-iot\K32L2B31A_Project\drivers" -I"C:\Users\gnagu\Documents\Unimag\IoT\labs-diplomado-iot\K32L2B31A_Project\CMSIS" -I"C:\Users\gnagu\Documents\Unimag\IoT\labs-diplomado-iot\K32L2B31A_Project\device" -I"C:\Users\gnagu\Documents\Unimag\IoT\labs-diplomado-iot\K32L2B31A_Project\component\serial_manager" -I"C:\Users\gnagu\Documents\Unimag\IoT\labs-diplomado-iot\K32L2B31A_Project\component\uart" -I"C:\Users\gnagu\Documents\Unimag\IoT\labs-diplomado-iot\K32L2B31A_Project\utilities" -I"C:\Users\gnagu\Documents\Unimag\IoT\labs-diplomado-iot\K32L2B31A_Project\component\lists" -I"C:\Users\gnagu\Documents\Unimag\IoT\labs-diplomado-iot\K32L2B31A_Project\source\libraries" -O0 -fno-common -g3 -Wall -c -ffunction-sections -fdata-sections -ffreestanding -fno-builtin -fmerge-constants -fmacro-prefix-map="../component/serial_manager/"= -mcpu=cortex-m0plus -mthumb -D__REDLIB__ -fstack-usage -specs=redlib.specs -MMD -MP -MF"component/serial_manager/fsl_component_serial_manager.d" -MT"component/serial_manager/fsl_component_serial_manager.o" -MT"component/serial_manager/fsl_component_serial_manager.d" -o "component/serial_manager/fsl_component_serial_manager.o" "../component/serial_manager/fsl_component_serial_manager.c"
Finished building: ../drivers/fsl_smc.c
Finished building: ../drivers/fsl_lpuart.c
 
 
Building file: ../component/lists/fsl_component_generic_list.c
Building file: ../board/board.c
Invoking: MCU C Compiler
arm-none-eabi-gcc -D__REDLIB__ -DCPU_K32L2B31VLH0A -DCPU_K32L2B31VLH0A_cm0plus -DSDK_OS_BAREMETAL -DSDK_DEBUGCONSOLE=0 -DPRINTF_FLOAT_ENABLE=1 -DSDK_DEBUGCONSOLE_UART -DCR_PRINTF_CHAR -DSERIAL_PORT_TYPE_UART=1 -D__MCUXPRESSO -D__USE_CMSIS -DDEBUG -I"C:\Users\gnagu\Documents\Unimag\IoT\labs-diplomado-iot\K32L2B31A_Project\board" -I"C:\Users\gnagu\Documents\Unimag\IoT\labs-diplomado-iot\K32L2B31A_Project\source" -I"C:\Users\gnagu\Documents\Unimag\IoT\labs-diplomado-iot\K32L2B31A_Project\drivers" -I"C:\Users\gnagu\Documents\Unimag\IoT\labs-diplomado-iot\K32L2B31A_Project\CMSIS" -I"C:\Users\gnagu\Documents\Unimag\IoT\labs-diplomado-iot\K32L2B31A_Project\device" -I"C:\Users\gnagu\Documents\Unimag\IoT\labs-diplomado-iot\K32L2B31A_Project\component\serial_manager" -I"C:\Users\gnagu\Documents\Unimag\IoT\labs-diplomado-iot\K32L2B31A_Project\component\uart" -I"C:\Users\gnagu\Documents\Unimag\IoT\labs-diplomado-iot\K32L2B31A_Project\utilities" -I"C:\Users\gnagu\Documents\Unimag\IoT\labs-diplomado-iot\K32L2B31A_Project\component\lists" -I"C:\Users\gnagu\Documents\Unimag\IoT\labs-diplomado-iot\K32L2B31A_Project\source\libraries" -O0 -fno-common -g3 -Wall -c -ffunction-sections -fdata-sections -ffreestanding -fno-builtin -fmerge-constants -fmacro-prefix-map="../component/lists/"= -mcpu=cortex-m0plus -mthumb -D__REDLIB__ -fstack-usage -specs=redlib.specs -MMD -MP -MF"component/lists/fsl_component_generic_list.d" -MT"component/lists/fsl_component_generic_list.o" -MT"component/lists/fsl_component_generic_list.d" -o "component/lists/fsl_component_generic_list.o" "../component/lists/fsl_component_generic_list.c"
Invoking: MCU C Compiler
Finished building: ../drivers/fsl_spi.c
arm-none-eabi-gcc -D__REDLIB__ -DCPU_K32L2B31VLH0A -DCPU_K32L2B31VLH0A_cm0plus -DSDK_OS_BAREMETAL -DSDK_DEBUGCONSOLE=0 -DPRINTF_FLOAT_ENABLE=1 -DSDK_DEBUGCONSOLE_UART -DCR_PRINTF_CHAR -DSERIAL_PORT_TYPE_UART=1 -D__MCUXPRESSO -D__USE_CMSIS -DDEBUG -I"C:\Users\gnagu\Documents\Unimag\IoT\labs-diplomado-iot\K32L2B31A_Project\board" -I"C:\Users\gnagu\Documents\Unimag\IoT\labs-diplomado-iot\K32L2B31A_Project\source" -I"C:\Users\gnagu\Documents\Unimag\IoT\labs-diplomado-iot\K32L2B31A_Project\drivers" -I"C:\Users\gnagu\Documents\Unimag\IoT\labs-diplomado-iot\K32L2B31A_Project\CMSIS" -I"C:\Users\gnagu\Documents\Unimag\IoT\labs-diplomado-iot\K32L2B31A_Project\device" -I"C:\Users\gnagu\Documents\Unimag\IoT\labs-diplomado-iot\K32L2B31A_Project\component\serial_manager" -I"C:\Users\gnagu\Documents\Unimag\IoT\labs-diplomado-iot\K32L2B31A_Project\component\uart" -I"C:\Users\gnagu\Documents\Unimag\IoT\labs-diplomado-iot\K32L2B31A_Project\utilities" -I"C:\Users\gnagu\Documents\Unimag\IoT\labs-diplomado-iot\K32L2B31A_Project\component\lists" -I"C:\Users\gnagu\Documents\Unimag\IoT\labs-diplomado-iot\K32L2B31A_Project\source\libraries" -O0 -fno-common -g3 -Wall -c -ffunction-sections -fdata-sections -ffreestanding -fno-builtin -fmerge-constants -fmacro-prefix-map="../board/"= -mcpu=cortex-m0plus -mthumb -D__REDLIB__ -fstack-usage -specs=redlib.specs -MMD -MP -MF"board/board.d" -MT"board/board.o" -MT"board/board.d" -o "board/board.o" "../board/board.c"
 
Building file: ../board/clock_config.c
Invoking: MCU C Compiler
arm-none-eabi-gcc -D__REDLIB__ -DCPU_K32L2B31VLH0A -DCPU_K32L2B31VLH0A_cm0plus -DSDK_OS_BAREMETAL -DSDK_DEBUGCONSOLE=0 -DPRINTF_FLOAT_ENABLE=1 -DSDK_DEBUGCONSOLE_UART -DCR_PRINTF_CHAR -DSERIAL_PORT_TYPE_UART=1 -D__MCUXPRESSO -D__USE_CMSIS -DDEBUG -I"C:\Users\gnagu\Documents\Unimag\IoT\labs-diplomado-iot\K32L2B31A_Project\board" -I"C:\Users\gnagu\Documents\Unimag\IoT\labs-diplomado-iot\K32L2B31A_Project\source" -I"C:\Users\gnagu\Documents\Unimag\IoT\labs-diplomado-iot\K32L2B31A_Project\drivers" -I"C:\Users\gnagu\Documents\Unimag\IoT\labs-diplomado-iot\K32L2B31A_Project\CMSIS" -I"C:\Users\gnagu\Documents\Unimag\IoT\labs-diplomado-iot\K32L2B31A_Project\device" -I"C:\Users\gnagu\Documents\Unimag\IoT\labs-diplomado-iot\K32L2B31A_Project\component\serial_manager" -I"C:\Users\gnagu\Documents\Unimag\IoT\labs-diplomado-iot\K32L2B31A_Project\component\uart" -I"C:\Users\gnagu\Documents\Unimag\IoT\labs-diplomado-iot\K32L2B31A_Project\utilities" -I"C:\Users\gnagu\Documents\Unimag\IoT\labs-diplomado-iot\K32L2B31A_Project\component\lists" -I"C:\Users\gnagu\Documents\Unimag\IoT\labs-diplomado-iot\K32L2B31A_Project\source\libraries" -O0 -fno-common -g3 -Wall -c -ffunction-sections -fdata-sections -ffreestanding -fno-builtin -fmerge-constants -fmacro-prefix-map="../board/"= -mcpu=cortex-m0plus -mthumb -D__REDLIB__ -fstack-usage -specs=redlib.specs -MMD -MP -MF"board/clock_config.d" -MT"board/clock_config.o" -MT"board/clock_config.d" -o "board/clock_config.o" "../board/clock_config.c"
Finished building: ../device/system_K32L2B31A.c
 
Building file: ../board/peripherals.c
Invoking: MCU C Compiler
arm-none-eabi-gcc -D__REDLIB__ -DCPU_K32L2B31VLH0A -DCPU_K32L2B31VLH0A_cm0plus -DSDK_OS_BAREMETAL -DSDK_DEBUGCONSOLE=0 -DPRINTF_FLOAT_ENABLE=1 -DSDK_DEBUGCONSOLE_UART -DCR_PRINTF_CHAR -DSERIAL_PORT_TYPE_UART=1 -D__MCUXPRESSO -D__USE_CMSIS -DDEBUG -I"C:\Users\gnagu\Documents\Unimag\IoT\labs-diplomado-iot\K32L2B31A_Project\board" -I"C:\Users\gnagu\Documents\Unimag\IoT\labs-diplomado-iot\K32L2B31A_Project\source" -I"C:\Users\gnagu\Documents\Unimag\IoT\labs-diplomado-iot\K32L2B31A_Project\drivers" -I"C:\Users\gnagu\Documents\Unimag\IoT\labs-diplomado-iot\K32L2B31A_Project\CMSIS" -I"C:\Users\gnagu\Documents\Unimag\IoT\labs-diplomado-iot\K32L2B31A_Project\device" -I"C:\Users\gnagu\Documents\Unimag\IoT\labs-diplomado-iot\K32L2B31A_Project\component\serial_manager" -I"C:\Users\gnagu\Documents\Unimag\IoT\labs-diplomado-iot\K32L2B31A_Project\component\uart" -I"C:\Users\gnagu\Documents\Unimag\IoT\labs-diplomado-iot\K32L2B31A_Project\utilities" -I"C:\Users\gnagu\Documents\Unimag\IoT\labs-diplomado-iot\K32L2B31A_Project\component\lists" -I"C:\Users\gnagu\Documents\Unimag\IoT\labs-diplomado-iot\K32L2B31A_Project\source\libraries" -O0 -fno-common -g3 -Wall -c -ffunction-sections -fdata-sections -ffreestanding -fno-builtin -fmerge-constants -fmacro-prefix-map="../board/"= -mcpu=cortex-m0plus -mthumb -D__REDLIB__ -fstack-usage -specs=redlib.specs -MMD -MP -MF"board/peripherals.d" -MT"board/peripherals.o" -MT"board/peripherals.d" -o "board/peripherals.o" "../board/peripherals.c"
Finished building: ../drivers/fsl_uart.c
Finished building: ../component/uart/fsl_adapter_lpuart.c
Finished building: ../component/serial_manager/fsl_component_serial_port_uart.c
 
Finished building: ../component/serial_manager/fsl_component_serial_manager.c
 
 
 
Building file: ../board/pin_mux.c
Invoking: MCU C Compiler
arm-none-eabi-gcc -D__REDLIB__ -DCPU_K32L2B31VLH0A -DCPU_K32L2B31VLH0A_cm0plus -DSDK_OS_BAREMETAL -DSDK_DEBUGCONSOLE=0 -DPRINTF_FLOAT_ENABLE=1 -DSDK_DEBUGCONSOLE_UART -DCR_PRINTF_CHAR -DSERIAL_PORT_TYPE_UART=1 -D__MCUXPRESSO -D__USE_CMSIS -DDEBUG -I"C:\Users\gnagu\Documents\Unimag\IoT\labs-diplomado-iot\K32L2B31A_Project\board" -I"C:\Users\gnagu\Documents\Unimag\IoT\labs-diplomado-iot\K32L2B31A_Project\source" -I"C:\Users\gnagu\Documents\Unimag\IoT\labs-diplomado-iot\K32L2B31A_Project\drivers" -I"C:\Users\gnagu\Documents\Unimag\IoT\labs-diplomado-iot\K32L2B31A_Project\CMSIS" -I"C:\Users\gnagu\Documents\Unimag\IoT\labs-diplomado-iot\K32L2B31A_Project\device" -I"C:\Users\gnagu\Documents\Unimag\IoT\labs-diplomado-iot\K32L2B31A_Project\component\serial_manager" -I"C:\Users\gnagu\Documents\Unimag\IoT\labs-diplomado-iot\K32L2B31A_Project\component\uart" -I"C:\Users\gnagu\Documents\Unimag\IoT\labs-diplomado-iot\K32L2B31A_Project\utilities" -I"C:\Users\gnagu\Documents\Unimag\IoT\labs-diplomado-iot\K32L2B31A_Project\component\lists" -I"C:\Users\gnagu\Documents\Unimag\IoT\labs-diplomado-iot\K32L2B31A_Project\source\libraries" -O0 -fno-common -g3 -Wall -c -ffunction-sections -fdata-sections -ffreestanding -fno-builtin -fmerge-constants -fmacro-prefix-map="../board/"= -mcpu=cortex-m0plus -mthumb -D__REDLIB__ -fstack-usage -specs=redlib.specs -MMD -MP -MF"board/pin_mux.d" -MT"board/pin_mux.o" -MT"board/pin_mux.d" -o "board/pin_mux.o" "../board/pin_mux.c"
Finished building: ../component/lists/fsl_component_generic_list.c
Finished building: ../board/board.c
 
 
Finished building: ../board/clock_config.c
 
Finished building: ../board/peripherals.c
 
Finished building: ../board/pin_mux.c
 
Building target: K32L2B31A_Project.axf
Invoking: MCU Linker
arm-none-eabi-gcc -nostdlib -Xlinker -Map="K32L2B31A_Project.map" -Xlinker --gc-sections -Xlinker -print-memory-usage -Xlinker --sort-section=alignment -Xlinker --cref -mcpu=cortex-m0plus -mthumb -T K32L2B31A_Project_Debug.ld -o "K32L2B31A_Project.axf" ./utilities/fsl_debug_console.o ./utilities/fsl_str.o  ./startup/startup_k32l2b31a.o  ./source/libraries/leds.o ./source/libraries/lightSensor.o ./source/libraries/lpuart0.o  ./source/K32L2B31A_Project.o ./source/mtb.o ./source/semihost_hardfault.o  ./drivers/fsl_adc16.o ./drivers/fsl_clock.o ./drivers/fsl_common.o ./drivers/fsl_common_arm.o ./drivers/fsl_gpio.o ./drivers/fsl_lpuart.o ./drivers/fsl_smc.o ./drivers/fsl_spi.o ./drivers/fsl_uart.o  ./device/system_K32L2B31A.o  ./component/uart/fsl_adapter_lpuart.o  ./component/serial_manager/fsl_component_serial_manager.o ./component/serial_manager/fsl_component_serial_port_uart.o  ./component/lists/fsl_component_generic_list.o  ./board/board.o ./board/clock_config.o ./board/peripherals.o ./board/pin_mux.o   
Memory region         Used Size  Region Size  %age Used
   PROGRAM_FLASH:       21548 B       256 KB      8.22%
            SRAM:        4776 B        32 KB     14.58%
Finished building target: K32L2B31A_Project.axf
 
Performing post-build steps
arm-none-eabi-size "K32L2B31A_Project.axf"; # arm-none-eabi-objcopy -v -O binary "K32L2B31A_Project.axf" "K32L2B31A_Project.bin" ; # checksum -p K32L2B31xxxxA -d "K32L2B31A_Project.bin";
   text	   data	    bss	    dec	    hex	filename
  21492	     56	   4720	  26268	   669c	K32L2B31A_Project.axf
 
02:17:04 **** Incremental Build of configuration Debug for project K32L2B31A_Project ****
make -r -j8 all 
make[1]: Nothing to be done for 'main-build'.
Performing post-build steps
arm-none-eabi-size "K32L2B31A_Project.axf"; # arm-none-eabi-objcopy -v -O binary "K32L2B31A_Project.axf" "K32L2B31A_Project.bin" ; # checksum -p K32L2B31xxxxA -d "K32L2B31A_Project.bin";
   text	   data	    bss	    dec	    hex	filename
  21492	     56	   4720	  26268	   669c	K32L2B31A_Project.axf
 
