02:17:04 **** Incremental Build of configuration Debug for project K32L2B31A_Project ****
make -r -j8 all 
make[1]: Nothing to be done for 'main-build'.
Performing post-build steps
arm-none-eabi-size "K32L2B31A_Project.axf"; # arm-none-eabi-objcopy -v -O binary "K32L2B31A_Project.axf" "K32L2B31A_Project.bin" ; # checksum -p K32L2B31xxxxA -d "K32L2B31A_Project.bin";
   text	   data	    bss	    dec	    hex	filename
  21492	     56	   4720	  26268	   669c	K32L2B31A_Project.axf
 

02:17:04 Build Finished. 0 errors, 0 warnings. (took 265ms)

